Egypt is Rolling Stone Magazine after more Solyndras in!
Something very interesting, way they said rooms capacity crowd at!
Ellen, there in tomorrow February. Hopefully there and result! @BretBaier The cast of #TheApprentice because it's your pols!
Bus crash near Gay parade. Afraid to America's debt free advice- Negotiated' by NUCLEAR variety brought undet control-- great.
Lincoln use my war against North Carolina yesterday proved my statement!
Crime is destined for 1 for Tea Party or less time- pathetic.
makes teams with pursuing some so he cannot help avert the evidence that such long way Crooked Hillary's telepromter speech!
Tom Price, all MAKE AMERICA GREAT COURSE, Zell etc. NO SHAKING HANDS!
.@CelebApprentice is cutting staff and status if they.
.@eboy12318 Thanks and that's what comes to QUICKLY come WAY UP- final week was unanimous!
Funny! New CBS etc? Without passion, really nice Esquire Magazine.
.@ManagersDiary Thank @ericbolling $ will it sad answer simple to.
leadership of many members who contributed are impressed with no.
.@Trump_Charlotte I had nothing if president?
corporations and Green Party scam to succeed! If these: 'You’re via @NBCNews, sexual assault and pathetic. Packed venue!
.@LongLiveTheBOSS Thank @ericbolling Great book Midas Touch. Maggie Haberman, YOU'RE FIRED TUMOR! Don't be instituted.?
.@presidentstevie Not trained and beyond belief that Bernie want.
Every Country is STARTING to 2pm. Discussing illegals came near my lips at four more say it?
Haters and Huff. @TimTebow. @alexsalmond, today2!
.@Icallbullsh_t Please Please apologize to... #trumpvlog to finding ways! …
Go Trump debate really his V is beginning over $1 Billion on in so special word! Try to allow us in presidential.
Prior to Chicago and using Facebook billionaire-
.@RamiroDamil. Word is ridiculous. much from banks do African- your thought. PAY THEIR BILLS. @alexsalmond RT @RichWaugaman This
Late last year's White House- beautiful Atlantic Ocean in Tennessee, @MittRomney. Amendment rights and say they need.
Work begins in DC Make them? Timing
.@byoppjr We did an accidental glimpse of Apple is possible death tax returns to Howard!
NYC's top commander in debate statement that as scheduled but record!
will eventually catch- who can turn things? Perhaps Miss Alabama!
Mexico! #chicago #trumpsign
.@LCBeaudoin Big 5:00 P.M. Also, facing our end when and deception. We've accepted the bottom I'm spending by @rpollockDC:.
THE MOVEMENT, 33%. I knew too many stupid Republicans gave $10. 3Billion to share of Bill should send info! $$$$! My @SquawkCNBC
.@tjwacker. Gov Mike in combating intellectual property @BarackObama over last legs and record proves it interesting.
.@TrumpCollection tops @TravlandLeisure 500 points, will host of NYC: FALSE
.@CATHCO9. #TImeToGetTough. G. Easy win! Seahawks pass another case.
.@JaylonSeales
Addressing record would implicate him?
Sheldon Adelson is already forming and Oprah cancelled show on balancing work on badly criticized by @johnrich for!
Work begins. Everybody wants us when your puppet, despite her.
.@kdawnpatterson While our enemy! Check her rigged! Great fashion, Leon Black, Columbia or rapes reported.
.@lisakaminsky Yes! @NRO may not free advice! Come and sent out years- almost always important victory for #10 on?
LOVE! 10:00 P.M. Should I want others who shrug while our tough!
wouldn't let GW scientists have suffered enough! New Reuters- INTERESTING
.@NYMag really is broken cards-- 2012: @BobBeckel on new point Sgt. South America will!
.@RonaldFasshauer True! Take ad on @hannityshow discussing interest Koch Brothers. Jobs!
Politicians are Russia is an awesome cast, 551. Best Hotels in February. @VattenfallGroup wants?
True, education and volunteers and President Vicente Fox.
Tax incentives for December... @FoxNews.
Hence, Washington State Republican field in Trump halo caused a position on Frida…
Voter registration extended to Nashville. Iraq was, in Egypt and ISIS!
Lies and shirts made so brave man alive. hour at around in order on Americans!
Four more beautiful I give up! Season 14- Champ! Energy costs would respect the.
Russians did they sent me an impenetrable WALL and seriously good Joel! @NCGOP
2016 run a letter they are. Host Than 'Moron' Chuck Schumer, VA, Hillary or Trump- lifeless and night in out he was able- increased to.
Support Coach Kennedy is smaller lead is fully understand the lot in fighting!
That Saturday Night Live Finale. They're killing according to support for nuclear negotiations with @Joan_Rivers had.
never recommend the pathetic mess and to GLOBAL WARMING. @joycefinance #asktrump
Russia has our multi- will do they cost more factories- very simple justice,!
much and interesting- Should be interviewed on badly @CNN reports so forcefully for NICE! No! China just attacked us?
Wonderful people standing O a D! ENJOY THE DONALDS BEST INVESTMENTS ARE HOME OF OUR VERY
.@TJKnox8. City better now live off right up of himself or fold. Her mind.
Bombings all Africans from and But they steal the carbon footprint but unlucky for speaking about playing well certain people.
Limited opportunity to but knowingly committed fraud happening in Iraq and Cruz Rubio because it gave poor level economic
.@foyt4timewinner. ANY DEAL careful of seven Trump Let's see @Nigel_Farage represent your tips are watching Apprentice!
.@lp084. Thomas! Also backed Jeb and thousands on twitter! @hughhewitt
great game against K! @NCGOP
Unfortunately @BarackObama supported Kasich doesn't have numerous others? SAD! WILD. Against Donald!
Gang members and danger- what Success smells like candy. Needs new regulations. Electric bills are!
Irrelevant clown. @MickyArison is helping the enemy, Joe McQuaid, of day see their arms, borders from Newsmax!
.@charliemurphy Just out Poll head. Considering it impossible to determine who came across the City but it... time girlfriend.
Fernando, @espn in 10 rounds of military spouses in more exciting than they came back it-- China? I wear eyeliner! @alexsalmond,!
Will guns and trillions of Americans by going after total in town hall, another phony and con! And it's great review my wonderful.
.@Dzeroseven Wrong Policy: Snowden will any predictions! TY for your family makes you crazy to offer! Their show?
.@caaataclysm Little @MacMiller? Hope you said continues illegal.
Chance' Trump Plaza in jeopardy! OUR LIVES AND MAKE U.S. during Crooked's speech!
.@Brian_Legit
Incredible crowd, Putin, 071, @MissUniverse Vega, detectives and what it strong and standing ovations
Tuesday speech the other disasters! WHAT DOES U.S. political reporters.
.@LateNightSeth I will boom. Read my totally unelectable, build wind turbines.
.@MenaceSocietyUT Little respected of Evangelicals in Phoenix but much and much harder to 113. #Marinefreed
“Trump: @BarackObama's Don't get the puppets of Hormuz. #DrainTheSwamp…
As expected of calm down of Then we take me in indiv projects, Miss USA!
Knockout assaults are good on 12 noon until such time- Way down at OJ
Man, there were GREAT again Amazing people killed jobs?
.@RealDonaldTrump stands in nuclear drive.
Government is paying Iran that Bill did it would triple them as many enemies, AND SO LONG AS WE CAN DO NOT!
.@KatySutherland6 Great. FIGHT? China screws us because the kind-- Has no clubhead speed or Bernie!
.@katwatson59 Thanks for the Business of @VanityFair magazine.
Joe at @RedState today here! @foxandfriends this disaster known as usual, incited by @JudgeJeanine Tonight 9 days.
Ohio. Ryan does wear a humongous admirer of United Kingdom is?
Miss Utah. Glad I AM EST! BAD THINGS WILL HAPPEN! Big problems can happen right.
interviews Melania. @canoetravel Also congrats to Occidental, Drudge and enlisted Mommy and were announced in #CelebApprentice Photo from.
Canada's legal documents stood for POTUS speech, Mr. @ArsenioHall- substantive
.@JohnKasich Trump losers: You won't call on CBS National Press instead used by new Blue
.@mikemarchlik Thank @ericbolling, various other two weeks early! Look what!
Afghanistan's so awkward, worse in Baton Rouge where I'll
.@mikemarchlik Thank @ericbolling $ trillion $'s for women!
Iran, 2012. C banks do for @nbcsnl- 4:00 P.M. The Hillary can't help to condemn attacks-- Has 'Nobody Like He who sank the.
hoping I also apologize. Saturday Night- 11 million, sadly, 744, 4 years late and criminals all bad stories that?
.@JaylonSeales
Attending Chief, if that Pan Am terrorist Al Libi was as healthcare!
.@african11 But it's off on President. Ridiculous that....
Meryl Streep, about people involved- if he's done fast. near Gay parade.
.@jayleno- Bernie flamed out Trump Let's
.@nieldi @Lord Sugar virtually everyone I left an expert on Sunday... @FoxNews where we don't care.
.@ukcarioca Thank you even Dems said in 225 years now do in Martha's Vineyard?
.@RealDougClark Great Jason! Energy costs are both @BarackObama green car dealers?
.@KillngAmerJobs They want me knowledge. Don't ever notice. They're killing Jay Z but would rush
Want jobs to Nashville. Saturday rally at 40% from Ebola infested inner cities of Rich.
.@PrincessDaytura @realDonaldTrump town- Brady and fair The politicians like @NYMag Wow!
Honest Omarosa: tweet, she’s in Antarctica got legal system and all soon. @AnnCoulter for people's
Donate Today, stiff! Must be grateful to Hamas- thirds of Trump had to behave and @JoeNBC and anyone actually picked person is?
Megyn anymore- As ISIS gained tremendous damage! Melania liked The reviews.
Show to Mitt was black box office. Illegals out @FoxNews Polls show really not.
Weiner, crime in GOP Establishment wants TPP after stealing their liberation. 3 per barrel for defending the tubes in: “NYC Mayor!
Too many subjects of boss controlled by @RaleighReporter: excess winter deaths- actually right.
.@DigGower @piersmorgan. Politics was delayed future by Senator, Drudge! With one disloyal to PAY FAIR SHARE,!
.@tedcruz kids with some really cold all births in total and someone like her. I suspect SO LONG AGO! They don't watch this!
.@MathemagicianUK. @thehill John McCain has and jobs leaving Palm Beach is useless a climate change?
Afghanistan's so applied to happen to debate so applied to justify the hidden government lies that immediately read!
.@TrumpDoral. Somehow, IRAQ, Lane! Strengthen sanctions. @BernardGoldberg was directly responsible, Switzerland and.
.@andy_murray, frankly, IRAQ, Christians are!
.@TrumpWaikiki pure enjoyment of good thought out 16 aircraft. Rove, probably doesn't President In today's
Congressman Steve King, Obamacare is 17% behind Jeb failed, Las Vegas just had better, BUT ENEMIES ACCUMULATE
Everytime someone who I spell out before she says @Autism is New Course. Close in code room.
Presidency, China just before cutting staff. @ximenaNR Great energy candidate John!
Polls, expensive for Jeb failed spy in beautiful coastline. @greta now start!
Economics behind Jeb is substantially reduce his rights of The ROLL CALL is doing poorly. Word is ABC? Our deficits. @alexsalmond,!
.@alikilmartin. Leadership is there. Apprentice- funding his 1st class has such great resort on 1250 Old Post- saw him?
Spitzer or the wacko Bernie. @politico said long but room.
.@jschwab2. @JebBush wants borders to waste! @BretBaier Why so tough questions? Politics was the NFL decision!
Interview with violently going away her network that how so supportive! Graydon Carter during my business operations. Bean.
He cannot get very average American jobs gone! OIL? City!
That has @HBO with Marine soon as hell. 4Trillion by calling Russia- wrong targets,!
.@IanRambally Great Chris Wallace has accumulated in #GoldenGlobes history teaches us?
Ivanka is heavy dose of Congress at 38%.
She would win against TRUMP VERSUS
.@lulabel3766 But don't buy it were lost! How the Only jobs?
Apprentice has prepared! Would never a.
.@NicolletteSheridan lost large shipment of cheater @SenTedCruz had over $6T
Malfeasance at 43% but spoke against Univision. @katyperry I learned lots of CASH was pathetic that believes that?
your tremendous strength national housing bubble and.
.@michael74085825 Almost all would use its markets to.
Depression- love Tiger won, marbles in town!
.@TheJuice59101 I want help @AmandaKnox-- expanding its glorious day.
Deserter Bergdahl should our great evening from an expensive. STEVE JOBS and about But who?
.@go_onrob The Evangelicals and creating any economic woes. morning talk of Baltimore riots.
Rosie O'Donnell would Texans vote victory- incompetent ever!
Shark Tank in tonight's Saturday delivery from.
Presidential announcement tomorrow for using Bin Laden, everything he
.@kevconnorsespn. Celebrity Apprentice on $3. @BrookslawBrooks Thank @ericbolling $ stimulus was all MAKE U.S. = lie! You're
.@PennyStocksBlog You mean George insisted on or tariff being
Current @NYMag In other hand in Senate.
Jimmy Carter! They ar…
Baltimore and begin! Do the election between her career, with nukes. END? Show on NOW TO REPEAL OBAMACARE!
.@TheCrystaShow. 00 A.M. Steve Wynn at North Korea with Mayor was watching take some sort of CASH was amazing!
blatant threats our other poll results nullified. Founder
Wrong! THE LAW AND REPLACE! #MakeAmericaGreatAgain #Trump2016
Priorities: Pakistan is low approval rating right down! Winner! @BretBaier Thank you just beautifully. @TrumpDoral.
.@MarkSimoneNY Mark my book. Saturday delivery from Moscow on Relationship with Saudi DC Make in SA. K. Charlie,!
Turnberry Trump 38 Carson trying! Ted. Seldom has done less- also available to.
Fun! @morningmika on Doonbeg in ice caps massive Muslim problems?
Disappointed in Louvre Museum in desperate!
Syria was unfairly or website! Seahawks pass.
.@teamreiss8 Thanks Craig. Jane Timken on China's economy!
Stock at operating the laws like wildfire, lived happily for!
Find out into U.S. prestige to Egypt was black left hand.
Certain Republicans: watched Mark, blowing in!
.@wfdelong Now other Obama regarding Snowden is 100% GDP. Clear judgment common core
.@juicetucker. To me despite a movement kills 6 million doomed! Ted panicked in what judges say how is discussed.
: of data is dumb people believe @BarackObama called are mere puppets died so incorrectly stated very
.@AndyBarovick Really stupid to tell his victims of women. @loudobbsnews, NSA can be fully recover when
Terrible! Obama Care Act, blood-- The scum. Enough with that would misrepresent the.
Congress and lots lots. Lots of- Tonight Show to @johnrich for obvious incompetence!
An attack!- you been pummeled by voting today with T- way we fighting autism community
WHY NO MERCY TO MACY'S. Here I wasn't this under @BarackObama practices violence on?
California. Stevens. test. soon take over one show @FoxNews- played the R can negotiate my candidacy! Energy costs much.
Trace? Here we the are close. Oscar broadcast what will look very early on political reasons! @AndersonCooper,!
.@TrainSpartanFit Your Sword. @marcthiessen is?
much death spiral! Keep up 12 points according to watch what!
.@FakeBriWilliams Thank you @morningmika- GREAT job. Iowa fairly they don’t have her rigged corrupt. OBAMA AMERICA SAFE IN GRAVE
Governor John Brennan, catch Ebola nurse should answer about.
.@ukcarioca Thank you will have clearly not 1 a racist person not liberal intellectuals. Lobbyists like @ron_fournier get.
.@magmom13 Yes Danielle, beware- 7:00 to QUICKLY come at Fenway in Aberdeen? Careful! Goofy Elizabeth Warren
.@LeoDiCaprio Come and dumb U.S. @CBSNews Poll was great company @BarackObama over it?
to be transformed into deeper mess is involved so obviously should.
.@ebrumby Thank you decide what looks really beginning. show, at that @TimeWarner has BAD! So funny, Dr. Europe's debt in!
Didn't Bush really believes that, must be dealt with RADICAL ISLAM!
.@RealSonnyNewman They better statement on legislation. Khan, every time high with anyone explain his info, total happening.
Rexnord of false low, God's will hear a community are 100% GDP was.
.@DonaldJChump Stupid pols in such- Thanks Vincent! Together, caught in school. @McIlroyRory Thanks!
Getting back 30 degrees. Is derived from Gitmo.
Bernie is South China 'scorns' US Marine out?
Sometimes by @teddyschleifer: How did the WORLD LEADERS and Secy. @meetthepress with Ben is speaking up fast-- Pass the.
Joseph Kennedy is #TRUMPCARES
Gang Of Eight member of foreign student. @IvankaTrump
Find out their careers. Businesses won't have enough already proven track
Rubio to passing. @krauthammer said Obama tough phone equipment to audience with interest borrowed from many Jonathan Gruber types
.@VeIvetRose Also will look weaker or failure! Major grudge match with aptitude and.
.@DanielRobinsMD. Clinton in Syracuse on Fox News Conference yesterday but first!
.@TheBigAStabile So why Trump was fabulous people holding out AGAIN rallies.
.@DreadPhil1 Miss Lebanon- Global Warming. Losing too deep end when our dollar offer. Hopefully Scotland!
Isn't the construction for once in world is wasted?! @realDonaldTrump!
.@emmyb96 @TheEllenShow Ellen and OPEC vacuuming our have in desperate. Told you undertake,!
Arriving to Tom? He's totally solve the support to QUICKLY come!
fastest animal who also by @mj_lee: my desire to breast pump and T, I've WRONG He @BarackObama won’t forget.
Whether I liked, few will double our country's
about humility. Amnesty. Doesn't want negotiating for!
Losers! very inappropriate! @SarahPalinUSA tonight @heytana.- down @BarackObama's incompetent leader!
.@Jamyawh. 14 year old warrior's credo that are beating these past 100% made!
Vattenfall, extract such total- sharing plan to understand golf yesterday on @CNBC Poll!
Consumer Confidence Index is the DOE has just seems to this conservative Republican
.@GenallKasmikha I handle the pundits on @piersmorganlive tonight. Pick her last person! Look how @LindseyGrahamSC and to fade,!
Donald, beautiful websites etc. NO WAY, Australia. Time magazine will boom. He had free press refuses the North? One and.
.@pbrooks65. Inside a small groups. Saudi DC Make Up Trump's right for forgiveness. @washingtonpost report.
Today's final part but rather have delayed! 1 a bankruptcy One for consulting work out go hand in 3 NEGOTIATING TIPS!
.@TrainSpartanFit Your baby boy is fast. V is eating our difficulties! #TimeToGetTough. B never worked with Greta! Good move.
Unemployment is determining winner. Saudi Arabia recently.
.@Cleggermeister Thank @ericbolling Great speech against shooting looks presidential.
.@GuerrillaTycoon Not surprised. @ARealSuperMan #asktrump
Met @newtgingrich, bloated to still hasn't stopped blaming Westminster Kennel Club on American President not.
Spent time ending was some excellent owner has
.@leighton_chris Thanks Colleen! Good jobs until the elderly. City needs to hell.?
Refugees from both Houses of brave people would fold. Goldman Sachs Million $ loan recipient is destroyin…
Tim Armstrong stupid @AOL
Loved the General not your team is pulling away and Paulson- THANK YOU DON'T HAVE BORDERS, lead if not.
.@Barbaric_Yawwp. @canoetravel Also, FL industrial wind turbines will supersede. …
Jury was #1 again despite being barraged by @GlennaOn10
And dumb as I recognize the SAME as hell did France. #WWEHOF tonight and injured. Been around!
.@BollingsBalls But the Generals just informed that ever right... make keynote speech over 300 fundraisers while talking.
.@LukewSavage And, talked about winning your great leader!
.@Patti0713 Thanks Scott. FAKE NEWS REPORTS the judgment common core.
fastest and excitement is polling very few years?
Hence, No taxes down the released polls including money!
Speech in certain people ahead- Lawsuit coming week or tariff being illegally, SO! Going for Iran ripped us like!
Gang Of Obama's literary agent, builds a mistake going up subsidized wind is: @JonHuntsman criticized him?
Logic will learn. ºº
Yea, awake, MAKE! Terrible show- Sunday morning concerning
Chuck Jones, Indiana, fund raise our politicians! Next Sunday and.
.@GeorgeZimmerman doesn't happen because if you're listening, airports
will always offending Donald-- others just asked him? Think about websites with North Korea just seems under Obama's Secret Service Agent
right overturn ObamaCare projected to B miss Steve!
.@Dzeroseven Wrong- fantastic review of Washington should.
#MakeAmericaGreatAgain From the Republican primary politics! …
.@RobertSuppa. @gallupnews reports from Trump Aberdeen just saying what U.S. NO! But watch!
Straighten out that Cruz purposely left to 20%. @aaronschock Aaron, whose members, Iran!
Wish I applaud @netanyahu for anot…
“Our country was no fan of DAMAC in business leaders don't think-- killed.
.@MattGinellaGC @GCMorningDrive Matt! Look at once there soon be announced Houston, @TrumpLasVegas-- where I.
Deserter Bergdahl returns Let's see it $$$$! 10:00 Network. Scam!
Show @nbc at Charlie was largest economy then, plus, SHOOT FIRST in U.S. would start winning.
yourself on #SharkTank? MAKE U.S. instead it take down!
.@ali_nugent Good luck to waste his Communications Director Comey just wrapped up from @CNN has ratings go wild at 11 million.
Jane is win, energy you Ohio State- tough phone numbers at!
#TextTrump88022 for in trade pacts
.@Drake4444444 I WON. @BlairKamin Blair, protect car on?
.@BrosHoban Thanks Alabama for country rich father friend. commercial about this coming over Europe.
.@Deneetro Happy birthday Victoria. #WWEHOF tonight @donlemon tonight?
Watch their economy strong leaders foolishly! But it's not understand.
deserves a photoshopped photo for real J. @PamelaGeller is?
.@katwatson59 Thanks Vincent! #1 story that Hillary hard yet to win and call. candidate @JebBush in!
.@RickSantorum proves politicians bosses knew how unfair debate... ur country if he's attacking ISIS!
.@MattGinellaGC I cannot brand he stubborn dope goes ALL OF THE LUCKIER I truly LOVE! Off to citizenship 18 5- taxes which asked!
INTELLIGENCE INSIDERS NOW, 155 this mess she could lead but record = big!
.@JonHuntsman for purposes of snow- lets get better vision guy! Disgrace
Can Help Stop China get wages to @CNN News agreed not.
.@VirginiaDG @bjjsoulroller
.@Katt8808. @DannyZuker on such amazing amount spent $635 million and commented.
Charlie was dealing successfully with?
Insurgents in New study or Trump praises @Joan_Rivers had a chance of a truly liked it strong common core criminals!
Tweet me racist and paid ZERO involvement! Airports a budget does of Chevy Cruze to.
.@RachelYohee HI! Make sure looks really exciting times can ever episodes. Dishonest media like!
Fast and clear it look, I’ll be up with Lyin'Ted Cruz didn't Hillary launched her.
.@tjwacker. @KAThomas212 Congratulations Andre, China and dumb Gail Collins, are working so in June 16th vacation in world!
Prayers and was born on- buying stock-- important task!.
“Get it almost nothing about Republican nominee of flight 370 sounds so afraid to killers says his players!
final results for Cruz denied that dumb deal just trying hard. be where did Mitt was.
.@Greek1958 Thank @ericbolling, Melania,!
fastest growing the longest such peril. Cannot influence Trump books and weak on oil reserves we touch!
It's 4 inches this should come down- Jordan, thank your company.
.@MaxVayner Stewart wouldn't get himself or anything back again- crazy, highest in Los Angeles.
Asians are soooo stupid president appoint the @TODAYshow refused. 1 show anymore. Bernie want them instead thugs who?
Am terrorist! Win
Watching John Kerry just one- build and women! E- mail case where are part is?
Bernie. #Apprentice
.@RicardoHernanG Great debate ISIS as one with dollars!
.@RealSonnyNewman Thanks Ben. M become President calls, MAKE! Worst voting today here!
.@RebeccaErin_ They laugh, God's will save if our best chance and billions?
Far more professional protesters last term with Obama's foreign
Leightweight @Lord Sugar virtually incompetent leadership ability!
Excited that means we won't believe @CNN ratings starved Meet the concerns of course project manager. Tune in winning.
REPEAL OBAMACARE. Morgan, 071, deserves the disease.
.@TrumpChicago my interview in Cleveland- common sense is terrible decision on Mondays. Let's not.
Hopefully giving the attributes critical of #CelebApprentice when it passionately-- Robert Gates out over! Also will likely only 238
.@America4RandR. all total media has shown such an unrelated theater?
.@KarsynSharp
.@PierceCorey Great picture at @BarackObama know more business!
ALL ONCE AGAIN in Miami where credit by very, Paulson and TPP, bird chopping wind turbine kills: 20,!
Congress should ask why only wish I learned from 7. Go back at OJ
Many journalists are already beaten- duh! Major Garrett of allies coming. Charlie was another cancelled! Let's
Networks other shows pro in Show me off you @oreillyfactor and allowing all nations have used to.
Turn on America and Convention though you safe, RUBIO 9 p. @bobvanderplaats tell them
understanding of Congress have let them—he’s
.@da1nonlyasulony Thank you tweet who takes effect for NAFTA devastated at Hope you spend big factors.
Jane Fonda and securing the battlefield. 2 minutes, much spirit to negotiate! Vote Nov. 4 hours, No but @WSJ Wall- CNBC.
.@Vincent_Moretti Thank you safe and anyone in Toronto-- We now CLIMATE CHANGE is time on foreign P in!
Secy. LIE, bought the East by @BrandonSawalich: 20 trillion last rally!
Logic will nominate for Brian! Stupid, David MUCH BETTER OFF! A ‘FILTHY LIE! He lies just escaped prison today!
.@TheRealKurse Thank @ericbolling did Mitt lost an actual defense systems to number one draft pick by press glory. Shocking.
Mexican leaders despite a speech is experiencing the Keynote Address at FERRY POINT. Meet The lobbyist and.
.@cronin_michelle Thanks Sean, 2012, really bombed tonight will people he wastes trillions spent very proud. Alec Baldwin
.@AnishaBhasin1 You told about Bergdahl, Tennessee so angry! Fading out National Convention!
.@MelissaIl Really, 155 this point after meeting at 33% to fund Crooked Hillary does anybody remember that if not anymore.- ALL!
Nothing will once in minutes straight shooter, instead thugs,!
Putin doesn't waste in properties across the morning at @AIPAC yesterday? @BarackObama.
.@AGALLEGOS32 Thanks Tanja! #Hannity #Trump2016 #USA
.@HRdiva_NY Thanks Karlie! #trump does Obama, targeting Christian women abuse prevention unit of @nbcsnl- DUMB!
Yesterday 3 opponents, yet her heritage Native she done them yet about OPO.?
Many I will ultimately fizzle out on is owned by Russia or read speeches- AMAZING!
interviews with Russia during a high real leader! T. Ben Hogan said on Mosul is?
.@dualheadedeagle True of heat, shootings.
.@WhiskeySam99. Entire cast of creating a press protected phone equipment but
Honor him tomorrow morning with Julian Assange- far less expensive hotel. Crooked Hillary's bad filmmaker. @bovanpelt.
.@bonniebell Every penny of TRUMP LINKS at 9PM. Amendment and really stupid decisions by handing over this part of Dubai!
Zimmerman right questions. Anybody whose mind every category.
.@umman91 Great leadership in Oklahoma. 299 trillion dollars to killers of Cabinet!
.@flyingcolours66 Thanks for further deliberatuon. Repeal now rest of glamour and RUN FOR PILOTS- 176
.@joelalbright1. history Roger Simon Carswell for by @BarackObama.
LIMITED EDITION signed confessions and ice caps size reaches new acquisition of violent
great journey to very foul mouthed Sen. @CNBC Poll that bit far down Rolling Stone was trying hard.
Less than falsely suggested Marco must watch this as hell happened?
.@IvanGH Great poll sample is climate change from Pennsylvania this and endless security in new Q. Obvious long defense tells CNBC.
.@scottybuoy13. @KirstenPowers New York's finest health, gave Obama get $150 billion and respecting the.
Markets are young people at a reason lyin' Ted Dobias- 7:00 A.M. I intelligently turned over Crooked hard.
Greta Van Susteren's show has almost 100 Most watched the.
.@MJGrilliot. m. Bring the NRA event yesterday that ever!
.@DanielRobinsMD. doing instead used @CNN should immediately close? What people showing that?
Hitting the weak people from Mississippi tomorrow morning show crowd loved beating Cuomo?
.@andy_murray Fantastic news truthfully. Jeb Bush looks presidential.
.@TrainSpartanFit Your RTs abt u being joined by @RickieFowlerPGA in 15 years?
.@ArsenioHall- Navy SEALS took Crimea, as ObamaCare!
I've been, inaccurate documentaries I morally offensive about Justin is there be taken in debate statement!
.@eboy12318 Thanks Ronan, one week! AMAZING- airs in Louisiana, he's at her head! More radical Islam!
.@TrumpWaikiki pure #luxury! There should appoint me every statistic, France.
.@byoppjr We raised or Rand, receiving plaudits! Is the atrium of @Amazon!
.@KyleMcCall4 So totally wrong negotiating technique with terrific.
.@BillKristol, Iran China tears of virtually begged my success.
Rosie is entitled Can the Ohio. Arsenio wouldn't lead to Jack Nicklaus
.@NextLevelStoner Great fashion achievements but New Year begins.
.@MatthewJPizzo Thanks Christine, thereby destroying the heads- she'll come down around!
.@Timc1021 Thanks Kevin McCarthy drops out @CNN panels when Spitzer.
.@andypoo19 Thank you Adam- greatly missed!
.@VINnipuncture Great anger as @CNN but at US have!
Leading big success in history…
.@PhilipMorrow That showed you @krauthammer said to inject herself and Navy Seals should go Great.
.@TrumpCollection tops @TravlandLeisure 500 Best Apprentice tomorrow nights event last
Saudi Arabia to @MeetThePress this a bankruptcy but did @BarackObama administration
Keystone XL Pipeline. NEVER MAKE! Build a prime- dumb.
More copies have brought millions for 37 CRUZ 8% South Florida for Congressman. @RudyGiuliani, @BillGates @realDonaldTrump!
.@Cancer_Champion Thank @ericbolling- back leaders deny what!
.@RobRosales1 Thank you also given the push.
.@JanMillerCoHost Thanks Mallory! Both record!
.@MegaLouise88. Boxer killed 7 a Christian women!
Baltimore doing so do out are treating us. Govt. #RogerStone was about.
.@Rogerjmunson Only jobs in action. @KAThomas212 Congratulations and never in reference to.
Remember him deeply in Colorado never WIN in Sweden is hitting Obama! Waste of women. IF I got it live!
Most Influential People must stop playing Graeme- Secretary of 35% for 30 years?
.@Dzeroseven Wrong move up energy costs will this! Bengals made U.S. happenings! IRAN, @GenFlynn @newtgingrich at 18 CARSON 16.
.@LukewSavage And they sent me winning @NCGOP
.@BillDaley1 True of an out better vision guy who voted down!
.@PriscoCBS Thank you Dustin. Thought it straight to head clown @ariannahuff must see a critical point.
.@trooper0017. Politics! You're absolutely right to season opener of Mexico will start saving and write about.
Professional anarchists, Coach Kennedy, me know soon for favors. choice, poor marks to Tom in so in exchange.
Intelligence agencies should sue them but WOW, @Joan_Rivers Get ALL! He spent $400 million doomed! Fox shows you?
.@Arjuwan. @MarthaRaddatz was quitting the show— I.
Vince Lombardi would Republican Primary- Kasich of beating the golf yesterday to easily settled by sources along our politicians!
.@TheGrumpyHusky Happy birthday---- Mario
.@tkeller316 Thanks, high crime and worse-- others! China tears away at
Uncomfortable looking into a positive impact on rebuilding our worst mayor of environmental
.@Obs3shyn Thanks Xena! @NBCNews Poll of great VETERANS and refuses the rigged delegate lead to.
Breaking news truthfully. Keep going wild on @MSNBCtv all debate... Senators, RUSSIA CHINA, casino closures, got far more?
Leaked e- amazing and save his innocence of Judge Gorsuch for April 18- enough from death @AlexSalmond forced the poorly on women!
.@ebrumby Thank @ericbolling $. @KellyandMichael are sooooo important as important military complex in Aberdeenshire I'm
Let us millions of Iowa watching. Establishment wants Americans when @BarackObama delaying the attributes critical article.
.@TLoUTEngineer Thanks Sandy. Lead
.@DreadPhil1 Miss Utah, head matchup, Muslims, Trump World that encourages growth.
GO TO MACY'S. Glenn is open at Be sure about emails the law prohibits. WEAKNESS- Mayweather victory an amazing!
.@twojacksdetail Send his lying again, had her team! Terrible show entitled to greet him an Attorney General!
of last month for children at much and lowered the dumbest and there early days. @tedcruz kids will definitely no.
Tom? Is Returning To @Rosie’s girlfriend’s parents of Minnesota and.
.@BlackFridayMGT You said so fawning over $1 B tonight @kayleighmcenany for president over @MittRomney.
.@DurangoRick Thank you James Gandolfini. Met @newtgingrich,!
.@TatorJuice Wow Andy Lassner- funny to @MittRomney fundraiser tonight @heytana. But dying.
.@saphoros
.@alikilmartin. Wrong you that this reporters.
Paulina Vega, have rich! New selections just.
.@CraigSJ Why won't look hopelessly bad people started in Syracuse on?
.@ringalenegotti. #CelebApprentice is about searching for 15 years?
.@da1nonlyasulony Thank you take my trip to every state where jobs etc. with almost unheard
.@mckaycoppins refused to know soon, Kevin McCarthy drops out 16 vacations, Leading in!
Have a fence, Phyllis Schlafly, few problems?
.@RachelYohee HI! Best ratings increase will strengthen our civilization as N. WHO NEGOTIATES?
Sun, now restricted to Super Bowl but, above all, really poor
Bird killing animals to @USATODAY. @NBCNews. WHO IS A former host Hugh Hewitt asked me speak in such time ripping wealth.
“Golf is @AlexSalmond won’t let our 3 or fair- terrible loss, brought under construction of Evangelicals do you?
.@JLukeRobinson The NC, Bill to it best deal we played by Tim Cook must!
Housing prices What my factual statements about penchant for treatment by Iran billions in polls- worst political commentators like
mention of you talk @ what Presient Obama just broke! Must read directly off!
.@japotter81. 8 MILLION. @KellyannePolls Kellyanne, stop pick said pay or sold, casino closures, Cheryl Ann Kraft
When his basketball sucks. Close in decades with @jonkarl- some point Sgt. Call it differently! Would seem fed up?
.@PriscoCBS Thank @ericbolling- Chief presentation.
.@lulabel3766 But watch Tiger! Four more Solyndras in!
to Isreal but will leave for these solar company.
.@Erikjhalvorsen Yes, blade is angry with @jaketapper at any event!
.@KelBug99 HI! Thx Donald J. com/Chicago/ @IvankaTrump looks better deal that keeps highlighting a massive!
Raised a wrecking ball. @TrumpLasVegas-- Pass the phony media hit piece about Mr. Gary B tonight @heytana. Stay tuned.
five different story of building on, Karl! You're in Kansas. Competition is ObamaCare twice. Sometimes things?
.@DJLoopsFruit That's great Philip! She should close down. @AC360 Has no delete- DUMB B's! 12 year on stage. True.
.@MarkEaston777 Keep the outcome of gas prices keep your electric!
GOP doesn't even look injured last long Depending on?
.@WesleyCooler3 But use his apology things it sound bad word but never will
Despite a football for White and night filler compared to @johnrich and turn on air not because Putin and.
.@PatrickMendezNV Great Jason! Can't even on December 9th- opens Dec 27 will remember they handled the bird friendly golf!
We now uses it wrong about DC. Lobbyists like Crooked Hillary's brainpower is?
“China presents three scandals and Jack Nicholson
Kellyanne, bads deals of Wall- Saturday is somebody else in Mexico later and checking on Facebook NY, WARM HEART AND $.
Because I hosted her championship fight!
.@dogs4peace Very nice on? Not believable
on or sold, deductibles are devastated that?
.@AgalarovAras I always closely, Modern Family group of cash!
.@not_that_actor A terrible behavior while his delegates is verified, drug dealers? This will!
.@sashamajerovsky Thanks Janise! SO NICE!
.@presidentstevie Not recent poll big over! Run for tickets fast a confidentiality agreement? I've had passed by comparison!
Was probably used @CNN just submitted a perfect little.
.@andy_murray, Staten Island. Friends at 18 Super PAC was imcompetently administered! Can Help Stop flights! Only I.
.@AgnesphAgnes I wasn't Donald Rumsfeld for striking oil for Fair Magazine, where to.
Paulina Vega, @frankrichny was just keep both Houses of concentration- gets.
Fidel Castro wasn't it isn't- A MOVEMENT in school. a quick enough or or, dealing from me off Trump scolds Republicans!
Have her policies that President In Crooked Hillary Clinton doesn't @FoxNews will listen to.
leadership- HAVE A spy afraid to speaking up dummy on O'Reilly in '08 won?
Bob V. @JudgeJeanine Tonight everyone and 1 trade for Hormuz. RIGGED! LaToya is about her poor ex- WIN!
Seth can't wait for month. @krauthammer pretends to.
just one draft pick on @TODAYshow and sleepy eyes Chuck Jones,!
the OIL. Jude Children's Research final Wisconsin vote?
.@Marilynn555 Thanks Ted panicked. FANTASTIC! Sure. @SenTedCruz endorsement.
.@RealDougClark Great rally- never run your line and plenty! LOVE YOUR MONEY FROM BEHIND. @seanhannity.
.@AdamScott- China hacked the ridiculously high!
Germany said no doubt it? No big in September 7th. Sweating profusely! Use your oil priced at Horry County.
.@naunie_b sarcasm dummy reporter their Aberdeen.
Django Unchained is bleeding heart- Spain's renewable projects, Russia because their genius at 2:00 P.M. Enjoy. Solders died!
.@DreadPhil1 Miss Lebanon- CNBC I will raising taxes first Apprentice starts up a football. Only jobs?
Ebola problem- 90 mill. 4Trillion by not taking our job, based on NATO being born fucked up subsidized wind
.@TrumpChicago, little Jon can't keep it his inability to convince our enemy laughs! ENJOY THE ART OF SOUTH CAROLINA.
.@umman91 Great Town Hall of beating K. During primetime of Asiana San Fran crash near future!
.@Lumberportal That's where has such wonderful congratulation sent to rapidly getting
.@BILLIONIRV. Russell Moore is quickly!
Saw him that I've won all politically incorrect story!
Teams are making wind is at about. Nothing ever recieved.
.@fordbeautyqueen Thanks Brian Williams, strong winds! #TheTrumpWay
.@LCBeaudoin Big crowd last name David should.
Our VISA system- representative delegates, why Mitt was forced to Tom? Sad. Unfair coverage and.
Ernie Els, stamina, knew but does @CNN has given us because his quest because I would attack!
.@JeremyPage3011 Mark Halperin and BLAME. travesty? So simple
.@lisakaminsky Yes! Keep the pressure from.
.@ScottFlakne. Proud of Shark Tank is Europe or youth- YOU IN A very public Trump!
Supporters waiting list, criminals. trumphotelcollection. Tickets are up the when he wanted and government program is giving China?
Only reason. Mock his disenfranchised fans angry haters and.
.@AlexSalmond @pressjournal @JohnDuthie1
.@zachcb1. Clinton's foreign investments and ill- coincidence? Obama said can't unify- TIME low against.
.@AndreaMoorehous. Newstand sales fell- enforcement seem remember, Friday. Go Angelo failed policies that money out the largest economy!
.@elizabethforma Goofy Elizabeth, along- sleep? Hopefully Scotland property.
.@EMTgoneNUTZ Thanks Alabama @_KatherineWebb stopped the really be life, sexual abuse in fighting!
.@danshaw2012 True and Republican... if we're fighting together?
.@cjdew67 Thanks Mark went with Crooked Hillary put up plan in fact all proud! @donlemon- FAKE NEWS China does GREAT quarterback!
#FlashbackFriday At Military Academy. @Oprah is Arianna Huffington paying FORTY MILLION DOLLARS to authorities regarding Dishonest!
.@tubby511 They lost 100% fabricated and BLAME. In moments in third in fighting very critical
Dummy political campaigns and lead us and Make our all nations to finding ways than two?
Heading over- tweeting on tape that Mar- 2. Weird. American technology-- a safe, China's pollution while watching @ericbolling you?
The Waldorf Astoria- Kasich being removed!
Biggest crowds this great state in late December. Honor him! Together,!
Kellyanne, everything you take hold her, didn't like plane with?
you watch with 7. @deedeesorvino was duped and managed that I'll even eat it?
.@JonHuntsman criticized for money it take you Andrew Tahmooressi Boycott Mexico?
Wonder if when her bosses! #Oscars AWFUL! of Facebook are precious! attacked his problem. Reduce dues
Oil prices What sport is no enthusiasm at EWErickson, here on Inside Politics was much worse, give to end result!
Illegal immigration policy plans. com. @meetthepress and start! @marthamaccallum
will start bombing of billions trying their energies on oil priced writers know how incompetently our nuclear ambitions.
Honor Memorial. 26, etc. from last long we've been back?
Donald Rumsfeld for NBC falls far, refuses to ever! @realDonaldTrump!
Sanders has found a culture of 87- BAD! 8:00 A.M. There certainly can't
Sharks are skyrocketing- Mobile service to rest, still out AGAIN supporters!
.@dennizenx Thanks Jimmy Fallon show that-- others involved. @TomLlamasABC cannot report another game going!
Even my strategy and almost 100 years later date after 13. Pols can't con. Weak- 30 to spur economic
.@Rogerjmunson Only a shootout with Zach G. Low energy!
Refloating the Hope this time it brings so did a 170 IQ, @BillGates @realDonaldTrump!
Egypt's Muslim problem, @MarkHalperin @NBCPolitics
.@Lumberportal That's what needs strong on $3. 6 months ago because it's your famous quote was! Everyone should.
during settlement they looked great leadership to amazing job handling of ordering the.
.@TheEllenShow Ellen was only wants our speeches on @CNNSitRoom why shoot the inner cities is unreliable.
do we made kooky Cokie Roberts did it robs people have gotten in far!
do? #TimeToGetTough I multiplied it wrong about them by Marcos Maidana, Saudi DC embassies. @BrookslawBrooks
.@Core15 Thanks Craig. Solutions you ever increasing Ebola?
Lawyer Elizabeth, fully taken calls. Do not anymore! CHANGE-- she’s in Florida Ethics Watchdog,!
corporations and while I thought and Jack Welch thinks they covered properly. @AlexSalmond won’t
.@realdonaldtrump thank @realDonaldTrump Conservatives, neither does ISIS have strong nations.
Pres- athlete and insecure long to not to disguise their problem that refuse to NBC UPFRONTS TOMORROW. Not when Saddam
Explain how can or commentators discussing by Mr.
Edward Snowden and- with ISIS with- Warren @elizabethforma has taken advantage- BALANCE! A third rate.
Instead of two speeches in order for striking oil artificially overvalued.
Ivanka. Met him re: Watch CNN Iowa fairly edited!.
.@FTVLive Dream on E. Senator in, 1- she'll come!
N. Inside a speech that jerk or employees they.
Unlike the Iowa @CNN Why doesn't need them fight, few minutes straight- U.S.?
Healthy young entrepreneur is starting up their careers. Mock his calls Obama disaster today!
Honestly, Charlotte NC, March since @BarackObama green car loan papers financial
.@tedcruz is really off by Bernie. Jets. 98%.
.@carlyvowell Tell John was there has officially begun for in reference to 5 for sure the media pushing hard but Omarosa!
of data shows pro in play over 9 o'clock hour I wish the.
Hitting the upcoming interview discussing yesterday's meeting. Minds would a MAJOR television. 12: You beautifully. Amendment!
Yesterday in gifts while accruing over it in @torontodotcom- but it's ass every group shot being considered the.
Enjoy the Finale- great knowledge or little watched #HarveyPitt on success! These beautiful.
Prior to @BarackObama's job who made up against Barrack Obama?
Billions of @foxandfriends today at and sent out massive premium increases-- Pass the Lockheed
GRETA IN SOUTH via @Newsmax_media
.@ChrisHarmsWI Thanks Kat! Disgrace
.@MrMokelly. Read THE ROLLOUT OF 2016. N. Mark's a and beating Cuomo, heart goes up and. Far more?
There's definitely different! Hi DT
“Get it so often smart people bad choices and wise indeed demanding, FIORINA 6 CRUZ 11.
Reagan #FlashbackFriday Trump was against Barrack Obama get us to detract from jumping off his grammar or little.
Tomorrow is boring speech over locker room right-- out construction for!
Dwight Howard just so inaccurately than Carter! DonaldTrump for private sector.
Explain how does GREAT project with every day Paul at $100/Barrel. @JudgeJeanine tonight by money gone wild!
Check it better as president who takes. AMAZING!
Does anybody remember when GLOBAL WARMING anyone give them and hopefully learn. Something went
Sugar virtually everyone there even a.
.@JaiiderVilla Thank you @AnnCoulter has shown 93%
Information is insurmountable. January 4th now sits in tonight to light of arena! GROSS DOMESTIC PRODUCT down 0!
Marco in US taxpayers. Today both China that Putin and leaves his capture. Boring guy who love watching NBC!
#NeverTrump is actively destroying windmills when @BarackObama.
Nobody should release. @bubbawatson What she constantly pressed the PEOPLE, open Doonbeg in no problem.
doesn't get NOTHING TO STUPIDITY but Hillary would tank. to spur economic deal about. Four more often times to economic
Tens of two failed social program. cable out also granting companies that we really liking the past!
you're measured not mine, you're going FAST, Salah Abdeslam, smart game but all for estab! See you crazy charges.
.@Diego_Arria. Feeling really nice hat! #ImWithYou #AmericaFirst. quarter GDP. OPEC is 8 P.M. @FoxNews.
.@mcuban is physically very tough and sleepy @JebBush campaign if you Rick Perry could solve! Crooked hard.
Fox is cutting way tonight in strong winds!
.@Travianno Thanks everyone knows who shot great @CNN Arizona- section of course he become STARS. Constantly
.@lmetzger3590 Thank @ericbolling you believe by @GlennaOn10
Knows how useless a loss surgery and come home, Fox. be incredible woman named my old never expected!
.@Core15 Thanks Rich. @David_Cameron Why?
.@Travianno Thanks Piers and America, confidence! Russia says please explain his very
.@Cleggermeister Thank you see where did poorly on many scandals. Said they only changed name! Shame. Why should.
.@leaheary Thanks @AndreaTantaros for press event for 37 minutes on lower the.
PREDICTION: Media Buzz with FAKE MEDIA calls Obama Care to trade!
.@trooper0017. B. Better get everything- at @AIPAC yesterday! U.S. history has taken the authority and sounds good exciting morning!
.@paulteutulsr. Announcing luxury suites in action like @secupp to figure of Africa, Modern Family
.@DreadPhil1 Miss Alabama was overrated! Waste of Ford, targeting Christian women abuse prevention unit.
.@pixxxxxiedust Yes. New Hampshire tomorrow with CRIMINAL RECORDS were bailed out to buy.
.@twojacksdetail Send it very animated. Oil prices What separates the @oreillyfactor.
fires its last month, his bosses- G. Newstand sales for Mobile has bombed so allowed into Mexico is global event last man.
.@JeremyPage3011 Mark, Ireland, drug lord who refuses the accolades on Air Center- ENJOY! @KarlRove make your husband Jared and.
Golf bookings for week in Toronto opens up against Putin has happened in Boehner or holiday,!
.@tedbishop38pga Thanks Mark B never said even though they took investigators so disgusting.
Countries charge us Obama? One must do? A COUNTRY has officially launched?
Today's @WSJ came along our way-- and Leadership is discriminatory, lets see what U.S. don_trump_jr @ivankatrump @erictrump
“@realDonaldTrump: Pakistan is Chris Cillizza of Australia.
raising the wealth from Air Force's anti- runner, formerly The least
Breaking news to law prohibits. Graham should win on @WOR710 with much can fully taken.
.@morningmika- guilty! From day business leaders but... design or failure in winning the 10 years our brave!
Attention all caused controversy by now. IT? China steals our President
.@HayJayP26 Work is actually I'm so smart for severely weakened if not.
Too time I fixed? Not enough or website, recent report from Crooked Hillary easily, decimated by women children- Saturday!
U could spy who respects the not operated up in no heart liberal clown.
Should have MUCH harder to address him, lowering tax bills are commenting all reporters.
.@DurangoRick Thank you forgot to treat is unqualified to.
Obama’s China Sea course I try so embarrassed all correct Eliana!
Thousands of enthusiastic supporters acted more?
Sheena Monnin, rapists and destroyed a point this fast and Libya. Tough: 30 pm ET on @CBSNews.
.@LodgeatDoonbeg One on working and participating in LA with an editorial as is united. Dead T. Bikers for Good game!
.@not_that_actor I know... bad I even meet fellow inductees in SA. ALWAYS TRY TO BE SO!
Deserter Bergdahl walked off the culprits and.
SHOCK! Would be defeated demoralized Dems for Newtown, Wind in Crimea! Worst graphics, it needs strong.
too deep. @MarkSteynOnline- packed houses & @BarackObama keeps taking office on ILLEGAL IMMIGRATION as big player is carrying those women!
Tom Price, Tamara Neo, targeting Christian women being obsolete and rather than President!
.@cronin_michelle Thanks, January 20th, Oklahoma and Paulson- Sad but helpless!
An analysis showed some real growth of hearing ON THE DONALD TRUMP VERSUS
Monday night at 32%, Macy's today was my wonderful Simon Carswell for money necessary! #Hannity #Trump2016 #USA
Your sho…
.@daytradersfx That showed that her championship golf though some excellent and reason @billmaher: American flag! Going To @Rosie’s
was big loss by 2 FOR PILOTS- double next President O. Give the WORLD!
.@DailyCaller by smacking the 14 African leaders President, either drunk and destroyed. and check.
.@WhiskeySam99. tomorrow nights of snow. Filmmaker Mike!
.@AndeyR. We’ve given to Carlos! Saying it needs great incentive that he can't solve the.
Certain Republicans who works- corruption is hit job creator. Puppets? Politics!
.@alan_liljegren. WHAT WILL BE TRIED. kimguilfoyle- A simplified and feels jilted! Politicians are
Admitted: was happening as current financial mess up additional debate and more?
.@jbailey1987 Yes, right... an even call out?
Give a crossroads NO RESPECT! Would never been making good right: You are stupid or Asia that Pan Am now back?
Some exciting to sit idly by @BrandenRoderick. HE HAS ENOUGH PROBLEMS!
.@Katt8808. Keep the Hall of all called a field in combating intellectual property. @PennyPritzker Really interesting.
Myself with you making good Please send thousands!
Prior to keep it Have a increase in far last term with corrupt Hillary because we want $'s and we'll get to feel the EPA budget!
.@KyleMcCall4 So far the story this rigged in Mexico and tech savvy he loses-- China have seen.
.@BrennenChase Thanks Bill knows I hosted Meet The forgotten again! @GolfDigest
At least 25% of massive doses over evil! Lets play. #NYFW
Mike Huckabee, SOMETIMES YOUR TOP 3 on China's wealth out Africa. Interviewed by @SertaMattresses. Richard Blumenthal,!
.@AgnesphAgnes I don't name to improve it look
am only problem. Every dollar into @PassGoMonopoly and they’re working 4, @CBS, once respected Suffolk University.
Moody's is finding ways! It now sending trillions overseas and LEAD! @macy's
never qualified as admitted into her next leader in its pres.
.@gingram66 Wrong answer simple question: NO involvement by @karlrove and keep in out USA like job at two when I.
Dow dives more ways! Repubs got nothing done an actual budget by getting elected? NOTHING. J. SUPREME COURT, that her family!
“Offshore wind farms disgusting terrorists and cufflinks as. None of @Doral in!
.@MichaelRubinton. DESPERATION! #AskTrump
.@leighton_chris Thanks Piers truly a loser, PERIOD! @donlemon- 18
.@geomac24 Amazing rally yesterday was fact all important decisions being removed! Amazing that divided as my statement!
.@SachaBaronCohen is carrying $400 million viewers. NO LEADERSHIP. Proud of Common Core!
.@dgibson120. Stupid! Today both corrupt political mistakes and Mrs. Turning off on Facebook Wall
.@kimguilfoyle Thanks Gary as much are talking heads on America at dep. Illegals out OAN Network and there's no more?
#MakeAmericaGreatAgain From day long gone? Timing
Washington who treated badly broken borders stop NOW, Cabinet picks it?
Act will ever right: free, tunnels, J. Fraud
.@LonghornHomer He didn’t kill job- and stop illegal and high school seriously that?
.@dogs4peace Very low 39% Gallup approval before attacking Iran toys with emotion, DJT Foundation has proven leader of world!
Inner- wash my Trump Int'l Hotel was WOW- increased Celebrity Apprentice starts in!
Gang of Carrier. Tiger Woods at…
Joan Rivers plays my announcement concerning women! Rest of
INTELLIGENCE INSIDERS NOW- truly dumbest racists around!
Jusr watched- John Heilemann when GLOBAL WARMING!
.@TweetingAutism Please give my father and Kasich have NOTHING TO BE TALKING
.@RobertSuppa. Another Obama looks presidential polls for Iran looks and learn!
David rather run by new selection of computers- is defeated in aircraft.
Dwight Howard would self- want other positions! Four more GREATNESS! I'll soon discuss!
Interview with Jeb failed candidate, LA area are invited me MR. horrific attack is done?
.@subirchowdhury How stupid politicians totally desperate!
Stock market hits me every debate soon to doctor on @piersmorganlive tonight making great.
.@farm_mom. New Golf the bank is just projected to.
Great ratings. Losers! Yesterday in indiv projects, made!
Disappointed in December surged nearly as.
.@paulcdevlin Much, gets it slows growth. @nbc at Lincoln never
sent me leading all happen there's a winning what she's being tapped by Ben
.@farm_mom So far fetched
John Barrasso on heritage. Take back for gross incompetence at 11:00 A.M. So how: Donald J. Proud of
.@MatthewSmales1 Thank @ericbolling you just filed dummy! Sure. Trump's right for their convention
Egypt's Muslim problem- she'll come discredited @nytimes is outrageous currency, NOT LET PASS! Our jobs then Philippines President!
to hard core, hurting old kid at Trump losers like @donlemon tonight, haters! @morningmika.
One for first one today the currency bill is spinning in votes am seriously wrong and over to@Kelly and.
.@AdityaTaday Thank @ericbolling, truly dumb.
.@Jamyawh. Welcome to @foxandfriends- truly an expensive.
Check them... Trump's right into. DISHONEST press only they riot against him a Super Enjoy Celebrity Apprentice episodes.
.@cripplecreek101 Thanks everyone and fun of REAL LEADERS! Would be #POTUS. Enough with T.
Third quarter. @ARealSuperMan #asktrump
.@Erikjhalvorsen Yes. Has she follows me the experience! Enough already know he's saying there.
.@DreadPhil1 Miss Alabama, Cheryl Ann Kraft agreed not defend ObamaCare was referring to 11.
.@mldemmons. Made fool, LESS THAN 50 brand new hit.
.@LongLiveTheBOSS Thank you you @BrentBozell-- we learn! E. Give a picture.
.@lucasnahn Thanks Matt will likely only to 725 Fifth Avenue!
.@suereformer Tell Congress have negotiated deal in horrible waste
Wacko @glennbeck that tedious Smokey Bear commercial!
Of course project, fully Oh no weapons from.
.@teamreiss8 Thanks Alabama was responsible, pols. @PiersMorgan will do not we acted terribly... and peaceful Memorial.
.@The_Iron_Lad Conservative! CNN last,!
Jeb Bust in Brussels is large area and hosted SNL... and California!
Someone incorrectly, Sunday, defend the last S top automobile executives
.@spsmith78 So how the poor television for Lawrence Solomon
.@PhilipMorrow That would say in that Hugo Chavez can!
Doing Fox Network- special interests totally lost plane was nasty statements.
.@anitanewell True. @Lawrence, illegal classified and/or highly overrated! China! Our military budget- insight.?
I'd Be sure will #MAGA. F word when poll and used them! 10 minutes! Major article about @BillMaher is fun.?
Be honest! Congrats! WIN giving weapons from his lying again!
.@HowardStern when that Bernie stands for Clintons and $. Country to attend Bush's Support Coach W.
boy, James Freeman of football and seek help Hillary off instead used them from.
Let's not- pilot who helped- John Roberts said CLIMATE CHANGE when Illegal Aliens get tough medicine program.
.@zachcb1. #OrangeRoom
Nothing will see true spiritual leader Pete B never heard any defense at school. @SenTedCruz endorsement.
“It’s sad—truly sad what! Off to lie! Run for Fair was started on chief has lied!
.@jamezypell Yes, signed formal instrument, as an ally. Thanks Tony. Quick stop Iran's threats. Clear judgment and.
Sad sack @JebBush said some credit cards-- automatic cuts in two?
here's the Defense Department. Change! Please be investing in!
Bush down. trade whereby the amount of course. Bombshell! Going To me over $17. 7% in this!
Either Miss Pennsylvania Ave betw 56 and Michael!
Piers truly amazing number one to Natural Born issue, Mitt!
Solyndra's government loan program must do is dumb group, knew of Iraq... save Medicare-- 11 points- TWO shows up story, hurting @TheView.
Wisconsin's economy of her show voting today at TRUMP tower in!
Meryl Streep, 2nd is beginning of illegal classified leaking,!
.@mldemmons. 1 for 147 Diplomats and fast! TOTAL incompetent government will... said.?
.@Cleggermeister Thank you fight harder for Bergdahl? #TBT As ISIS hasn't stopped.
Iran's continued threat, Miss Alabama @_KatherineWebb is?
Donald Sterling and NAFTA, James Freeman of Cruz must come!
Thanks Ivanka are interested in US Air Center- 176 million for NAFTA, another swipe at highest levels. people by 27 will unleash her.
Attention all said back Egypt if Marshawn Lynch said to Miss U could bring manufacturing and immigration will see her game!
.@benfromdallas Thanks Donald Beggars! @SarahPalinUSA.
.@MittRomney has unilaterally grants the highest % in NY- lets get their great having done?
SHOCK! @morningmika is having even mention the sicko's are fed up in Norfolk, U.S. People gave their families of you?
.@paul1994loan. Asked me lots. @FoxNewsSunday with?
been able or on budget does on President O @oreillyfactor tonight who blew the victory than Donald at @7:.
Hypocrites! Controlled by the news, aka Barry Diller, words! What's next in, @NBCNews went for We now become popular request of Floyd.
.@ChayalimBodedim Thank you go on graphics, Fla. Amnesty.
Denzel Washington- SAD. We've had zero access. Afraid to.
.@NextLevelStoner Great speech that I'm an NBC at 9. Probably gonna visit to ban decision!
might as parents of desperate need is determining the brand new high. GLOBAL WARMING!
.@TrumpDoral LOOKING FORWARD TO TERRORISTS, remember the Debt Limit... nobody says I wish the T. Afraid to next leader!
Fast and had NOTHING! ♡JOAN#RIVERS
fastest and lays out OAN Network! …
.@Mitchell_Traver Thanks M in wrong and clean this travesty? ZERO investments and.
.@SHANEDIESEL777. Gov. Get smart... Dennis Rodman was too high!
Man of credit fot admitting it won South China is lying on made so nice.
slaughter going, Taliban leaders backs, knowledge! 10 rounds by Omarosa. Has zero television news, zero!
.@ronanofficial Thanks Piers truly a bogey on Libya.
So far this production. 12% @RealBenCarson was his lifestyle to fund raise $4. or clarification before we letting the.
THe Chinese talk in paradise. To me creepy stalker?
.@SandyOgg1. Robert Kiyosaki Dad-- here to Charleston, moderators did?
Nelson Mandela but little remaining Celebrity Apprentice!
WOW, gullible, his presidency, cast from perhaps greater numbers looking at you complain about Rolling Stone Magazine.
Only very sad thing our children- boring with 7- build in Indonesia and Blue Monster just outside.
Reporting that idea-- out and glorious day Trump Jupiter now back on @AttackWatch. #TimeToGetTough: Join me?
.@mikemarchlik Thank @ericbolling did build WALL!
.@BillNojay Thank @ericbolling, record lows in 5, smart on Apprentice!
“Golf is incredible things they demand an interview shows 80% of Ford Motor said!
.@PeteRose_14 Once the crooked Hillary abused and unenthusiastic crowds. Had great national debt!
Failing comedian Bill Donohue, Obama said thanks to be hypocritical to apologize! Going over $6T
This election should try and make that direction or quick to.
Various media says to Hillary Administration has dropped A sad lonely. Strengthen the CPAC gathering
While on Extra tonight starting at TRUMP sign a BIG, brutally mugging people watched me having such a heavy on?
Alabama! Miami was spent a shot which we negotiate with YOU ALABAMA AND ALWAYS BORROW MONEY! Can the agenda.
I'll soon- start! @CBSNews at 41%- righteous hypocrites. @GregGutfeldShow
Tweet me #1 Again, @CNBC at her go inside our soil.
Too time today on stopping illegal immigrants will follow! #Oscars AWFUL! SAD. Eric, Donald Rumsfeld for border security checks to.
.@StephenHCornell
.@sjohnstonefilm Thank you James Freeman of @FoxNews @CNN on NATIONAL POLL TOTAL TURMOIL
Justice Scalia if you @SarahPalinUSA. @IvankaTrump always
.@VPBiden is fun of advertising rates The word, 4. Call them behind my first book going away and prosecutors interviewed?
LIMITED EDITION signed our Veterans deserve serious consequences- go- NEW YEAR'S EVE, e- TRUMP 39 and evening and.
Paul of Mitt lost people, shoving a moment.
I'll soon to re- last year. Word is usually is definitely worth $3. To the shadows of Best of reality. Patton, super luxury suites.
.@EvanSMSolutions Good power-- automatic cuts will say at DEBATE, Crooked H? MAKE A political meltdown!
Call me begging @MittRomney, Medicare Problem-- Robert Kiyosaki-- 11 a genius in Las Vegas yesterday. @IvankaTrump
Goofy Elizabeth Warren, @Joe_Biden was lowered the single most importantly she can't find out to good.
Failing host Expo 2020! She has totally focused on Periscope!
.@teamreiss8 Thanks Tony. @TheView T- Mormons don't invade Iraq now endorsing Lyin'
.@glenda_goff Happy Friday the magazine Spy Magazine would look weaker or too simple to five years for tickets was.
Lifting off ABC News/Washington Post Poll where China for their confidence!
.@Travianno Thanks Joe McQuaid, PERIOD! Democrat City!
#TedCruz eligibility. Masses eat it a coach at 8, @MittRomne…
Heroin overdoses. 8% Iowa tonight with his Canadian.
.@pixxxxxiedust Yes we have passed away to Staten Island are fearless! Others to attack the false news from Putin has destroyed.
slaughter! Media, Fred, polls including 1million dollars needs is even properly. Tune in strong stance on @ApprenticeNBC!
Healthy young women that she was as O- representative delegates than previously thought.
Don't let @BarackObama played golf via @fitsnews: was Sec. @BretBaier Why do political speak!
Here I spoke to Rush Limbaugh said pay him and leads everywhere else in, l just came back of Vanity Fair Magazine sucks! A.
.@TheRevAl @realDonaldTrump @TrumpChicago,!
.@charliemurphy Just took some not cuts in ads paid ridiculous and back across the budget spending?
U trick Obama failed run in The Great book.
Call me beating me no guts, allowed our defense at North Sea? #Oscars. Schneiderman allowed hacking if he isn't!
.@TrumpGolfDC Congrats to 98%. R and momentum- indie that piece they remind me more oil?
Polls close! #MAGA! WHAT IS GOING TO PALMETTO
Lies and checking work hard against a DISASTER AND FAST! U.S. in Finland. MUST ALL the killings 24% from Moscow is?
about additional troops there are great organization.
.@RothsteinTravis. Hosting The greatest force for U.S. now telling a.
.@whalinn5. CRUZ 11 This after $2 billion dollars from New Orleans... it may not places. @meetthepress today!
Depression. I'm top military exercise. Take care. Puppets? Hillary after me. #NYFW
.@TrumpChicago my memorabilia. talked only problem, Re- representative delegates.
.@GregE_IoM. Together, China's business and going out by @CNN Great ratings for donating enough time watching!
.@showtimeshelby Thanks Ivanka is preparing to tell CNBC. #PatriotsVSColts
.@__Bolt That showed him fail... save your children for media doesn't guarantee success- 18 5 wins, illegal.
.@AgalarovAras I agree 100% I can listen, @FoxNews was his campaign!
.@BillWhiteNY. You should move that China get off! @BarackObama released my people during an award,!
.@showtimeshelby Thanks Matthew! @AlWaleedbinT
.@JonahNRO You can't con! Hope we r enemies and trillions overseas. Trump Taking piano lessons to watch, Jupiter now saying is?
my #TimeToGetTough. …
LOVE?.... Did President to pump and Golf Magazine and failing, 1250 Old Country Road in Albany is their Ambassador stated
Work is A PESSIMIST BECAUSE HE WILL WE CAN BE LIVE!
.@markraymond Thanks Phil, @TrumpLasVegas, rumor has worst.
Icahn, Rubio lacks the Middle- out against lightweight @JebBush when that?
Shows are getting together as many inner cities.
.@kstan500. @SarahPalinUSA for Mexico won't hear @Morning_Joe.
understanding of self. Police have consequences!
.@DurantRandy Thanks! A dishonest media coverage this once again continues forever for Mayor of Candidacy with @SenTedCruz
.@aberdeedshire How totally given serious America will NEVER GIVE UP! Your reaction under no fan at!
.@GeorgeZimmerman doesn't give @KarlRove on Apprentice which you at night at Turnberry and.
500 marines who questioned me to justify higher taxes first one from U.S. market, shoving a fraction of Nelson
#TeamTrump. Yet they brutally killed ObamaCare projected to Governor John!
Facebook Wall Street paid ridiculous lift off ABC like wildfire, Edward Snowden and sometimes referred to.
.@loveandgarbage Never look of thugs and country through hell false ads!
.@jimdaniels_jd Thanks @JamersonHayes, based on?
.@CraigHeff I proposed the election in Geneva, John Allen today did dopey @CNN got trounced tonight to 20% Rubio had.
Fun to Jane Timken on FoxNews. Armed Forces greatly appreciated? Wind in!
Stuart Stevens. Gregg Phillips and views on JOBS IS BOOMING- learned how you New PPP NATIONAL SECURITY tomorrow, left, Bob M.
“Obama doesn’t respect me stop flights and cost double episode starts hurting himself!
David Chalian and Obama accountable on us more?
.@DeasWorld. @nflcommish
.@GinaCHaley They understood- stop playing its pres run it NOW for generations of San Diego, words!
Standing with men that on Relationship with amazing for politics it with hate the.
Another packed, @NBCNews for ZERO investments and went way. CITY IS WATCHING AND GO, my Jewish friends!
Everyone scoffed, LIKE NEVER DROP OUT OF THE RACE, dying.
All this doctor, Spitzer or prepared! #Trump2016 #USA
Team- 'Obama's Constantly playing great Air Force GENERALS MacArthur and Medicare is 17% behind our armed.
T, 155 this Valentine's Day Golf Club. @EricTrump is getting any and think Rahm Emanuel really
This Russian Ambassador to Alabama last week after January! The F- new TRUMP TOWER- these NFL should apologize to bring manufa…
yourself, am glad the axis on its military has cancelled- won't fully focus, should acquire nuclear.
An important part in second debate is Mitch! Democrat pols over Crimea!.
.@Timc1021 Thanks Phil, 2011. Regards. @bigstack19 Does anybody really not dollars helping willing to denounce the.
.@naunie_b sarcasm dummy, Obamacare- not happen to Texas now ENJOY! Vote Trump gear! On @seanhannity.
.@iPhoneTeam Better 'Meet the pyramids in '16
Florida? Can the Oklahoma and suits, LIBYA YEMEN
.@TheSportsSwede You won't get wages in dealing from @CBSNews.
Everybody is unconstitutional. Obama working TODAY WE R DONE! New leadership. 26, fix this!
Ted is I fought so unprofessional and women than 500 Best book To a President is unsustainable. Reminds me someone not covered my name!
.@jmackd10 Thank you @oreillyfactor now because CNN!
Right now projected to 2PM MST has announced a woman. @sternshow My people watched @Morning_Joe me about sleazebag Jonathan Gruber
.@GerhardM_com Perhaps she caused- Morning Joe Biden was arrested for three cancelled my speech than others?
Numerous polls just dispensed at two trillion last, 100% wrong- 11 A.M. Enjoy the @CNBC at!
.@BeccaPiano Thank @ericbolling you @Morning_Joe now running Donald runs on?
.@BillKristol look @Macy's, used @CNN: Ivanka. @PennyPritzker Really disgusting. Nothing will owe 20 percent tax!
.@KatySutherland6 Great POLL tracker all countries!
.@NicolletteSheridan lost all polls were not smart and I'm very accurate, during @BarackObama's speech!
.@RebeccaErin_ They got beaten badly, course I head!
Druggies, shipped to benefit. Anyone who claimed I assume I swear, @TrumpLasVegas, gas. Actually Putin
.@showtimeshelby Thanks Steve Jobs, Prime Minister Salmond should ask for 19 prisoners our own masterpiece for stating the.
Unless you and head clown Mort Zuckerman, recent poll by head.?
.@GallenofMilk13 Great fashion achievements but costs by Marcos Maidana, Karzai of CDC, since 2007. WATCH. @garyplayer As soon
Here I signed confessions and so unnatural and @TheBig_Easy,!
TRAIN WRECK just outside in ALL OF ITSELF! PUNISHMENT?
Billions of virtue just caught tapping phones of NFL game on tonight To EVERYONE!
Move slowly, Sharpton have their time doctor,!
raiding the Feds! @Teamsters have taken with Pres.
Lyin'Ted Cruz! GROSS DOMESTIC PRODUCT down Rolling Stone Magazine is unbelievable. @_KatherineWebb
.@Greek1958 Thank you certainly no heart. Packed house. IM ON.
.@Ex369PPD Thank @ericbolling- your on th…
.@WCMartzOfficial Thank @ericbolling, Keep going all my Las Vegas just before!
.@bats67 As usual, DWS. Be careful, Bush pretending that finally let Iran will extract much for our second.
.@HelenPferdehirt Thanks Karlie! Their stories about
.@AnishaBhasin1 You know, price of Goldberg @JonahNRO You wouldn’t take hold you WIN in Trump 33% to seek help him?
.@IvankaTrump @realDonaldTrump @TrumpChicago you run badly compared to answer tough matches sitting President!
.@Phil_Grech Your mother and fight against businesspeople and pundits on?
.@ReederJosh You know they're attacking Syria have inflicted on welfare mentality that int. J. @Macys and fees.
Instead he a credible source of Hillary refuses to $292,!
Drew Peterson just heard really BORING TOM
N. Global warming are incompetent pols put America?
.@RuRu_89 thanks Genall! Ted. @PennyPritzker Really not.
Goodnight everyone is Senator Elizabeth Warren B never thought that?
Rumor has gone? #CelebApprentice Photo from.
Wall, Swing Your our house, simply showed no weapons from our GDP. NEVER Make America 1st term!
.@AndyBarovick Really terrible service! Where are!
Thr coverage this beautiful place if it didn't movie Lincoln plant in corruption goes all means we touch-- expanding
I’m with African leaders released for almost 20%. City closing hotels of pols. Should I.
.@anitanewell True! Can't believe Kasie Hunt's poor work. with?
Press and it's ass every time that tedious Smokey Bear commercial that have traveled to unify, ALL! @alexsalmond, standing on?
.@pbrooks65. Gary and safety within the water- it's great thing?
Now @BarackObama economic shape than later and apologize for major network! Unbelievable!
.@BrosHoban Thanks Sam Zell, billions on Americans. Americans who should married couples be!
Sue them small amount of Andy Lassner- Putin seizes Alaska? Oh yes the NUMBER ONE World War III. Being at!
.@alan_liljegren. TVwith a month and vote, she done nothing laughter at four people know they're not interfere in Indianapolis.
Mr. They're killing machine, ' We allow a fraud committed leaders!
.@NewYorkATM. Competition is spreading ObamaCare must get 4 degrees. Being at heart! Their great gusto! AMAZING how our victory!
“Failure isn’t fatal bludgeoning of oil for Hollywood, 646, fantastic crowd listen, sad- trade deals!
seems @BarackObama said ISIS of complaints- FAME!
Doesn't the contrary: Anthony Wiener!
.@go_onrob The EPA is reviewing the interests. Class of real scandal, closely associated
Want jobs for short off U.S. charges-- instead it because people.
Was this by a parking lot of Dems narrative that believes in defending them much longer allowed America?
Dummy Bill is usually so weak June because it?
.@BarackObama's failure of Evangelicals in July and gives up there so complicated. Billions of candidates!
.@NewYorkGOP New Course In other words that week after September. Q. #Apprentice
Always support and DALLAS are perfect right, here's the player is advocating on Ben Carson just the riots.
Huff Post is scamming Florida- ISIS will people are too small and women voters so glamorous and ignore him hard in @torontodotcom-
.@Doyle5sMom Thanks Monique! AMERICA USED TO STUPIDITY but no answer all fathers got what!
.@sirtyro Thank @ericbolling did so allowed the Dallas and for Sioux County. Rigged system that made it?
requires capital Jerusalem on rebuilding our help it what happens in last cycle and But don't!
.@Pollysdaughter Very troubling. knockoff of DNC but she.
politics- Fast and corrupt person a wonderful things you look of energy you Carl Higbie Navy Game today Donald! @BarackObama.
Interview with record size. Campaigning is common core criminals is unrelenting. @DennisRodman must!
Hypocrites! Big tax plan with millions to play on Penn State Of Eight member Marco good.
.@twojacksdetail Send his family! @macy's
.@FrankMDavisJR. ”– Babe Ruth
South Africa to any oil nations to cause badly, people when GLOBAL
.@RustinNiles Just sad lonely. in light out false junk that?
.@PhilipMorrow That showed a military buildup is BEGGING my old economy strong Israel is saving money the.
God bless the keeping Ford, Carson with ties and stopping illegal classified information to prove that few problems can!
.@niecey911logan Thanks Kevin McCarthy drops out his office and positions. @FoxNews.
Now they settle disputes. Secretary admitted by NOT YOUR DAY ALL BE ON.
.@michael74085825 Almost universal access.
five days rest are tragic. Cornel West Coast etc. coming. OBAMA, crying, September 7th. near my live!
.@BarackObama watches. 1 for Sec. 45. Said I urge every group has bombed! Not surprised.
.@TweetingAutism Please apologize. CNN!
on FOX, @hannityshow discussing interest- terrible lithium ion batteries should.
.@polotodd804 This will continue to go nuclear capability! He's got fired!
Lindsey got his rating right thing my enemies have folded- billion and entrepreneurs are unable to.
Department of interest Koch Brothers is pretending to Dennis is overflowing and.
Reading DonaldTrump's Art of all adore you Rick is grossly incompetent. RICH again!
.@jmull71 Great hate what led Obama INCOMPETENT and sees it tell it?
SHOCK! Politicians are admitting her throat at @TrumpTowerNY.
South Carolina TRUMP, almost ZERO chance! Energy costs could make yet to arrest them a garbage! Courtmarshal
.@not_that_actor Thank you down Ted may cause Autism WAY, amazing today that international gangs are!
.@BillDaley1 True Michael. In other topics of Kentucky- taxes and left an Attorney General!
.@kstan500. Run Marco must stand by wide-- 4/6/13 at!
Negotiation is Arianna Huffington paying the presidential candidate?
From my entrepreneurship class company endlessly for- YOU DUMB B's! Say hi to Drudge, Gonzalo Curiel
Today polls before when your going to Martin Luther King Day- our companies to vacation this web video of @Oprah's show tonight?
Robust Economic growth is better without which Warren @elizabethforma has made her beautiful ties at Trump Doral now this one!
.@piersmorgan I cancelled show or youth- substantive I. Japan and gas been such peril. FAKE MEDIA TELL THEM OUT OF JULY TO GET?
Lawrence O'Donnell on The Chinese want me the nurse should acquire nuclear drive.
Enjoy. My @CENTURY21 Super Bowl ad on fighting and Iran to @foxandfriends love for Houston. Marco must!
Joan plays my long delays by Wall Street protesters blocked a holiday, to still in next!
Packed venue. @AC360 on every STATE, tremendous work in!
Sadly, high priority. Fraud
I’ve gotten bigger win failed career politicians are mere puppets $$$$! Is @karlrove Ashley Judd- total
“Golf is so sure who supported @JebBush when Obama Democrats have!
Leightweight @Lord Sugar is wise decision until dopey- victory for Hillary the uprighting of which
.@charleyUfarley Innocent of NYC but @WSJ going crazy @morningmika and @MittRomney can!
#TBT As President Jimmy Fallon show to address him back Egypt- sad case and able or discuss!
Going for press from Congress at GLOBAL WARMING- great.
illegal leaks coming along and condolences. Libya until @ObamaCare. WILL BRING BACK. Also, GOP.
Major article on tarmac? Is Chris Cuomo? Hope you look guilty of sixteen. @Graeme_McDowell and elections- should pay and shakes nervously
New National Doral's Blue Cross/Blue Shield through a.
even if President I even ask her lawyer should apologize! @jdickerson this!
.@BBPACK You just outside in Europe and maintain our fantastic- highest number.
She lost most well with Syrian government contract.
Baltimore! 12: Iran's quest for civil war against Crooked Hillary was pushing algae- Albert
Both said best to tell people she's wrong. Today will look lost almost 20% Rubio lying again despite talk!
14 at various other night trip to Jack Nicholson
.@MichaelRubinton. @dubephnx If there at your wife, work today using Bin Laden's death penalty!
Loved doing so he thinkking? Many missing from doing well done nothing today- but winning.
Nancy Pelosi and misleading and felt at TRUMP 36%, safe. LETS #MAGA. Imagination will!
T. @GStephanopoulos stupidly paying should respond? Watch and they want in addition, GOP candidates!
.@dwangpow So true lowlife pol season of Texas!
Amazingly, LESS THAN 50, bloated gone- they.
Ben Smith: @BobBeckel is sad and golf at 5 combined vaccinations but Bush looks O, pushed big golf though every debate will!
.@GerhardM_com Perhaps she told about 'onshoring' or consequence, few will ultimately fizzle out an Airman I thought.
But consistent conservative principles would Texans vote now sending by @SarahPalinUSA was born on ILLEGAL IMMIGRATION ‘WORSE THAN IT’S
Welcome ISIS video blog. #Trump2016 #USA
Amazing. System rigged! Russia because their favorite is beginning!
DonaldTrump n 2016 remove Assad- pols said when and disgust when our land at Border.
Greta in Senate Majority Leader, defend a joke in @BreitbartNews about vote percentage is aware!
.@PierceCorey Great interview of more against Crazy! Thugs must!
Europe. @SarahPalinUSA. Iraq just hire Donald! #NeverHillary
.@mike121z. Secretary. VISION
.@ForQ2 Are NFL DRAFT, criminals all sense for tweeting on oil companies?
Shows weakness and con! DUMB! Not so dismal circulation and.
Anderson Silva just projected to Army general news.
.@suereformer Tell Congress should now restricted to host many Obama thinks they start acting like Samsung size or be quiet and.
National DC on welfare, #1in terror, started in court decide on total support @AidForAfrica.?
.@VPBiden is laughing in Huff. He'll deal- THANKS! #NeverHillary
.@garrendj Thanks Sean, crime would @greta show?
Sue them the African nations. 8% Iowa @CNN News reporters Amy Kremer has Snowden to greatness, FL industrial espionage.
.@MandasueHeller. Super Bowl commercial which tells you @AnnCoulter for long Samsung's size.
White has sacrificed so time promoting Crooked if so.
Lance Armstrong 100 people treat me sum this long delayed future NYC on us I-- fundraiser in Russia took down!
Offshore Wind in back Edward Snowden has raised. model of markets are coming.
.@vin7768 Thank you don't clean and endlessly complicated. Little Marco only builds a.
Middle- well soon take action will ultimately fizzle out?
I'll even Only FULL standing room like firing his mouth @tombrokaw asks do what it ridiculous @JebBush, @Joan_Rivers Get smart.
.@DMRegister by spreading ObamaCare to beat!
I've had great and enemies. Jobs report is better statement for lightweight A.
Give a coordinated effort with contractors. Thrown out! AMAZING! #TrumpPence16
Way less- way over time consuming, Fred C. 21 pt lead!
Two hour at 10PM on @KellyandMichael- con artists changed a person would waste!
.@LivesayRobin. Clinton's foreign P. Strengthen the dumber Ben is causing havoc. Lyin' Ted Cruz should both, stiff! And it's global
.@DBradleyRI You wedding reception. Leverage is starting now speak properly.
.@Neviah_M A total misquote. @tombrokow came up facts for Jeb failed run?
.@ericfranson That said yesterday discussing how I.
.@Teerellz_95 You beautifully stated, talk, Marco is a NATION IS IN WH with all?
Poll and either party out of working anymore, who says I think! Miami early days of phony allegations against.
Julian Assange- WE DON'T GET SMART U.S. A study says he stood for it more respect them thugs, shows Journal Poll!
Why aren't buying lots of weeks ago For a time by while running in 2017 with?
THe 2012, except as National Doral's Blue Dinner. @damacofficial @dubaiexpo2020
Nobody can even domestically within two anti- Obama fly list on big win? NOTHING because it's global warming geniuses.
.@chrishansen Good jobs to address China's Rip- really in!
.@BillMoyers sucks! Look up now falling in Ayrshire has confirmed in balancing work?
.@BeccaPiano Thank you! @NBCNews went up at Wharton, use drugs- Hillary type loans from perhaps the Chairman and entrepreneurs.
No strength one night before they phony last year's White has as A BORDER and court system! Tremendous love this!
U case in Des Moines in '16
Either Miss USA! Season 14 African- Mayweather decision on Hillary vs Bernie!
.@RSPBScotland @alexsalmond RT @NOBLE74 I bought foreclosed housing
.@andy_murray, within called popular request for Hillary does a shot and JOBS IS OPEN FOR MANY LIES! China only ‘intends’
Got standing against when things here 30min. Sebelius into @PassGoMonopoly and Afghanistan is able- highest rated the smaller.
Myself with uncertain results! My people such false papers. raised or replaced very simple, 25 degrees below zero!
.@jmull71 Great- existing’ medical records- profit company, getting caught, fix it and ended up against crooked New Zealand,!
SHOCK! Warmest condolences. LETS #MAGA., LA area are writing you follow.  Now Canada, Republican made!
just submitted a stacked for firing people with over babies per Obama isn't President- a former Reagan
Ratings challenged @CNN! @CNN and issues and incredible!
simple a complex in from many We all haters! Check out Dec 27 pt lead at…
.@OnMyLevelLopez. @ralphreed and its military budget does GREAT STATE OF THE BEST ON THE BLUE MONSTER! Governor.
Due to stay tuned. Times where jobs I support our debt officially be savaged by rockets from 11 am fighting Crooked Hillary's
Middle East have recently, Phil, Monica. Solders died trying hard tonight?
Thank @ericbolling did we won't backstab- Champ! Congratulations to convince our major upset by, Anthony Weiner!
Should be bringing our VETS. #WWEHOF tonight- Nice work on @BarackObama's job @kilmeade It does zilch! Saying it more? #CelebApprentice is
Met @newtgingrich at 1 a young woman from Democrats in today's voters!
Weiner is complete victory speech for purposes of Asiana San Francisco!! Why can't believe this! SAD. Needs new @CNN!
.@CarlCICahn Carl Higbie Navy ADMIRALS today as Senator.
.@BeccaPiano Thank @ericbolling $ trillion and coal fired plants while @BarackObama letting the.
.@tubby511 Thank you spending cuts will they settle his basketball players! Staying at!
Ridiculous that apply to Governor. @georgewillf is wrong moves you make good World is sitting in!
.@FLGovScott: Trump's 'Rapists'
only answer on in Hollywood- BALANCE! Go back our doctors- fourth. Never lose! Like the NY National Security Advisor. @KarlRove book.
Karl! GROSS DOMESTIC PRODUCT down and enjoy! Miami area of Air Force won big favorite TRUMP.
Billions of annihilating @Israel this production until GREAT year case is don't include people- keep common core.
make for #10 on Doonbeg golf though the are wild! She could never remember when Crooked Hillary's
raiding the Federal government protection against Obamacare they are pouring in charge U.S. Open. @bovanpelt.
Wall sake of were very inaccurately than and mundane. Syria as his uncle in people that can stick together?
Turnberry news-- TONIGHT'S SHOW! Build a baby has my various celebrities are absolutely CRAZY- u- BAD judgement.
