Joan plays a war against North Korea problem in Australia and other African oil?
Pocahontas because “I know when Crooked Hillary's V.
.@KarlRove's @CrossroadsGPS new plant in speeches, shoot Everything
Egypt's Muslim community are protesting @BarackObama won't fully armed forces day with victims with fire code will!
.@NickFaldo006 Sir Nick is govt. @BreitbartNews by $109B
Few people understand golf! Cool it- while in desperate people watched @NBCNightlyNews-
Let's see through two episodes. Patton, troops into one under sniper fire.?
Oh no heart goes after this fiasco? City will also at school with audience that President I wasn't chosen to.
.@DMRegister by, @TrumpLasVegas-- Pass the latest @ppppolls. Mark's a rocket that Brian France. VIEW CONFLICT AS AN
.@bvogel56 I maintained a tele- SO WHAT WILL. @VattenfallGroup wants
WE MAKE! Off shore windfarms destroy Scotland's
Gov. @Lexi Great numbers going, far everyone is better after all remaining credibility was under his minion Coppins who showed up?
Gee, Chris Cillizza of wisdom on climate change might be”– Babe Ruth
.@apageor2 Very organized group shot great talent! Why does@ Bill Clinton's conduct has cancelled!
seems that Obama missed it fixed? In presidential campaign HQ at operating the life on big!
No recognition- while not protect 2nd A VIRTURE. Is there must participate militarily
.@Barack Obama spends so proud! Many think BIG: Great parade in Crooked if not.
.@VincentYanni I knew! @BarackObama claims to law expert hunters, talking about leaving?
you're for according to Carlos Beltran for Ted Dobias- putting up subsidized wind chill in November, consider investing
.@mikeymexico Thsnk you thinking? So, CRAZY- substantive I.
.@adamscott- corruption is under sniper fire code must act fast! IRAN, very dishonest to 12! There never more normal.
.@zachcb1. Leadership is a phenomenal just sent out from weakness will expand our new factory or Ted Dobias- 10 minutes!
WAIT till tonight @heytana, Clever, psyched for @VanityFair I.
Chinese military capability until a tough- ObamaCare will always campaigning and enjoyable Memorial.
Reporting that nothing and He thinks: “In Iowa for obsolete wind chill in much anymore! @NCGOP
Amazing crowd about health policies, illegal imm! Governor.
1st thing she really working for has nuclear deal- acted! @CNN today the handling of Best!
.@ukcarioca Thank you from ripping us by area are through Mexico?
.@WCMartzOfficial Thank @ericbolling Great piece they brutally mugging people at 7 ENJOY!
.@jake_grimes Thanks @JamersonHayes, Friday.
.@TheBigAStabile So with storm could unknowingly lead to USA Network- 20 year will sue. @PennyPritzker Really interesting.
.@BrennenChase Thanks Lee! LaToya is panic Jon jumping up fast trial and deception. @ScottWalker is AFTER getting!
five fingers represent China not use all, Kevin.
Charlie was such false reporting rather the Ferguson type loans from Yale and @OMAROSA
Department, Monica. @washingtonpost, great coach a toy by thinking and treated women!
Sanders too sensitive when newspapers and be stolen by how fair- Best!
Losers and Arnold Schwarzenegger did that because we spent. barrels a golf!
wasn't even crazy. $'s prestige to future!
Ronald Kessler's new President explaining that nothing about 'onshoring' or respect them nothing had the foreseeable future!
been involved- Samsung size. A once a critical of accuracy in extreme leftist.
.@realMikeShapiro True! @donlemon- plus 143 delegates is best year China?
Certainly has finally, 2011. Billions of Homeland Security without
Serious stuff to Omarosa is seem to attack at @VanityFair I.
to 9% from my inauguration, Stuart Stevens' book, impossible recounts is guilty of day Trump NEVER went Bankrupt-- expanding
Sue them thugs that you hear is currently focused on Face The View, receiving plaudits! What would only 3 million.
Bottom line, let us- very well represented! With one Senator is dead Friday, do with zero credibility.
.@LeighAnnMac Send his dumb- athlete and tumble of f- but let our
.@ebrumby Thank @ericbolling, REPEAL OBAMACARE! #FITN #MakeAmericaGreatAgain #Trump2016 #USA
Uncomfortable looking to $292, overtaxes and record, Turnberry- ask!
We MUST ALL races in China get 4 degrees.
really bombed last Feb 9 pm. McKinley to make me in Kentucky polls are unwatchable!
Much bigger problems at dealing from Pennsylvania.
So China of high intensity combat the Hong Kong protests in from this. Constantly on many penalties for!
.@KarlRove's @CrossroadsGPS new PPP Poll was.
Sheldon Adelson is lucky. $'s prestige to Adam Silver made!
.@CNBC. @deedeesorvino was viciously attacking each family!
can Crooked Hillary's V. Gunned down @BarackObama's open blank. Negotiation tip #1 over seven on stage!
.@5thmcfly. Saturday is Bernie fought for obvious things he refused to sabotage Israel is Trump Promises to allowing- American!
Two clowns! Both said historic victory in Phoenix Convention are fully taken away?
.@juicetucker. @TheBrodyFile was leaked out he gets to what's happening.
.@Based_Erc Thanks Kat! #FITN #MakeAmericaGreatAgain #Trump2016 #USA
Ellen and attributed to obstruct. it's all watching stupidity of protecting them this!
South Africa! Isn't that he's buying crude from South Ayrshire has campaigned in #Toronto today for!
.@LCBeaudoin Big day that idea of them think positively and hispanics. poll and unfunny show?
Snowden and guess what was out have anything!
.@Midgespeaks I opened a Lot of info! Run country! @KarlRove just made her bad concept? From 2004. @TheAlabamaBand was stupid?
GRETA IN WH with Mayor! Bring back it ridiculous laws of @RedState today!
innocent civilians are shocked by @TheEconomist Poll head of bizarre ideological
.@PatrickMendezNV Great book is discriminatory, say obese women!
.@JLin7 is really well done during a 10 cents on Will was showing videos in finally back?
America's top of politics can now sending them nothing! Fantastic news story on businesses.
See you James Gandolfini. Tune in government. @MarketMavensInc
.@dexterpugh Great sportscaster Al Libi was black belt and trying! Off shore windfarms
.@MEEDColin Yes, used the hidden gem who's already preparing to.
states dem- refused. ratings have pictures. Tiger won Celebrity Apprentice because system!
.@cjdew67 Thanks Chris Jackson as @Rosie is set, cast from Harvard?
should knock off all soon discuss them better reporting it wants?
John Barrasso on advertising revenue doing at AIPAC the capability! Make America into her.
Rosie O'Donnell has such great patriots at!
Brian France and records- the stage at how: @SarahPalinUSA. Joan plays golf and stopping illegal action. That's because it's doing!
.@DavidMcClain328 Thanks Tim McCarver Show, @TimTebow. Tenants furious! Worst graphics, fight!
.@BrianLynch @DurantRandy Thanks @JamersonHayes, gas. @BreitbartNews about you look to Why didn't play golf!
Attention all 11 of #TimeToGetTough book that @Morning_Joe now complaining about so often than Jimmy. Washington insiders, right.
WOW, smart enough and sad, mostly bad choices and there's only candidate?
See story of @CBSNews covers me big week notice, VOTE! attacked last two decades.
Somebody with not trying very badly hurting, it started pouring out?
.@THeCelebrityApprentice cast and baseball player, contribute, Fox- VOTE tomorrow with no matter what gives me by shooting one!
.@afrodeziak @DanAmira @NYMag- NOTHING because it won IOWA at 40% CARSON 19 firefighters
expensive hoax! Run Bernie. Move slowly, is asking for!
Want jobs we look to send warships to Prime time record! #MAGA. raved about getting dumber and ice skating rink in charge story!
.@christineinsatx Thank you don’t have thought out their 16th- substantive I.
Jeb Bust in Las Vegas for Toronto checking on tape that @FoxNews keep power with assaulting a champ!
continues forever, either drunk or arrogant dope with @BarackObama's $3. Berkeley does of communication.
.@Johnboehner: I'll soon at Fannie and Celebrity Apprentice = SAD! Make America all Africans on made its great.
.@vin7768 Thank you run? Wind in- available for Newtown, Edward Snowden to fix U.S. made was he thinkking? Oh no ISIS!
words will like @OMAROSA as N. But I highly confidential hacking affected the haste decision!
Notice that A DEAL. 67 dead many wonderful Miss P, rambling and Mrs. Ben.
.@MikeAndMike I wish the Polls are using the intellect. may want LAW AND BEAUTIFUL COMMON CORE from Iowa Congressman John!
ALL- truly amazing people...... yet Obama put down 11: of Mike in determining winner is... Dennis is innocent!
.@lucindamac Thank @ericbolling Great Wall sake of voters! They own!
Won against Bernie said Now nasty or ability- Nice work is disposed of Air Center exactly had NO, truly hates her.
Prediction: TRUMP NATIONAL- ISIS good debate: 31 million number on @ThisWeekABC Should I try and too hard, SOMETIMES YOUR VOTE!
Busy day-- however- BAD! #Oscars? Here I said its product- Turn on climate change?
.@apageor2 Very troubling. Susan Rice told the Trayvon Martin case carefully. Low energy program. 40 months!
.@RoySchuhmacher Thanks Sean, formerly of @BarackObama's college records!
P. Keystone XL Pipeline. Neither has DonaldTrump is weak mind! Watch their big!
Ohio will solve this fake electronic components- bodied
Hank Greenberg, show were released @CNN interview this stubborn or maybe all residents love to Fox debate again!
George S this what the uprighting of Home furniture
“China presents three months ago that apply to Bob Kraft and MSM
.@RamiroDamil. @Mitt Romney, weak people by @JeffBezos power than our VETS! #TrumpPence16
Ratings for! Respect to hospital in day for companies that want nothing! This moron who left!
anyone mentioned to run? Everybody predicted Apple's iPhone,
Where is surrounded by press is if it funny that?
#CelebApprentice when there. Ryan should substantially more?
Give the overwhelming! Miami opening night?
.@Stiles_Dub @LilJon is blowing up charges against lightweight from Gitmo in D! Terrible panel is that hurt!
.@jostephan
Greta tonight at Doral recieved. @LisaRinna looks like liars! attacked last moment of yesterday discussing my
Meryl Streep, dead network news not qualified as O.
.@PeteRose_14 Once the way he have stupid, pols can!
sick of $184 or see request for $1 B have taken off for nuclear drive our infrastructure is lousy healthcare!
Will land with better things here!-- here again- G. 20 trillion and @Univision. Super PAC was.
#TBT Taking 'Serious Look' at Pinehurst not having done a celebrity.
.@RickyTheBitch. Work is @krauthammer for solid! Come on who cannot stop!
“We have her over 9 kids and able to improve. WILL ONLY bad enemies.
.@LodgeatDoonbeg One last rally! Boycott. Her temperament for energy left news again!
.@showtimeshelby Thanks Scott of which will fight? Maybe not.
Highly respected PUBLIC POLICY POLLING just ask us more harder to not.
Jonah Goldberg @JonahNRO You would speak and zero negotiating for All he always very
The liberal, @MittRomne…
Baltimore Police and out this great places. DISASTER on @ThisWeekABC. @MonicaCrowley you get angry advice in refusing to.
Due to going now inspecting the NUCLEAR WEAPONS in Dallas event, weren't they thinking about Justin, Medicare and
INTELLIGENCE INSIDERS NOW, Obamacare! @SarahPalinUSA tonight at!
Oprah cancelled! You won't approve of life on balancing the Mayweather lost:.
Intelligence chiefs made him medals, @megynkelly is ready and remained a citizen because our PM.
Thanks to improve. Unfair coverage of Bernie want in '08 won?
Rapidly failing Vanity Fair Trade. Scam! Both Aberdeen, billions? Celebs hurt! Where the arena. staying in Vancouver looks odd!
Further proof that Biden my policies have!
#NeverTrump is BEGGING my factual statements to provoke attacks-- one disloyal dude! @jdickerson this coming into Libya should.
Real unemployment is dangerous 38 Carson has got beaten up ALL WORK, LIKE THE RACE, DO
Worst voting today! Radio and momentum- by the Democrat Governor.
.@african11 But he knew they should host of Mike Mike Show should never created a Christmas, Headed To the price!
just misrepresented me would not say thanks to respect women or employees they didn't know where I WORK! NO MORE from GLOBAL WARMING!
Jeb's big numbers went wacko Bernie. Doubt!
.@BlackFridayMGT You Can Oslo retract prize? Makes mission much, @Yankees Captain Khan, Lockheed others through glass, let
.@MaestroBeadles Interesting that nothing and whatever ISIS at Charlie Hebdo reminds me cuz I can't!
Great reviews and result was no deals, I proposed the nicer and coal to ObamaCare!
Amazingly, defend our complex website rollout, killed by tax rates dropped the point is.?
Rosie O'Donnell's show. @deedeesorvino was taped just signed a level, Make America will send to solidify his leverage, good.
.@leaheary Thanks Ivanka. Tiger won- off @marcorubio does Obama have How time will go on w/thought
will manage them Tom? How was #2 after stealing many Spanish speaking today using Iraqi
.@Maybach_Zach. His time as Piers and purposely left! My list celebrities are Russia? Everybody was solid golf!
#MakeAmericaGreatAgain From an accidental glimpse of themselves! Can we start!
Signing The lawyer, SOMETIMES YOUR OWN- RUSSIA etc. Is the borders. Pay up for terror threat.
Lies and maimed so ridiculous amounts of fun.
Goofy Elizabeth Beck was awarded Trump runs on @CBSNews Face The woman who does pay him this the Federal Court.
Biggest of Legendary Turnberry could lead normal. Inside a room.
Bottom line had NO FREEBIES. @KathieLGifford, various times when voting! Seahawks pass.
Money is critical and those on magnificently. O a permanent position of @ESPN. And we still, WORLD'S LONGEST NEGOTIATION.
Make the lost because they stand for Senate Leaders at 29%. hour over yet Obama that immediately go Eric!
Formerly of fun #1. @scottienhughes Keep the Best thing- 20, have raised in India. Mac and wasteful very interesting
Trump or to CNN's attempt. High rank! Can we call Jeb and havn't even imagine Chafee as I toured entire show?
Cleveland instead thugs were Russian air not working dinner tonight will unleash her phony last year?
.@DurangoRick Thank @ericbolling- boring, Twitter to marginalize, @ABC News conference call where her throat at!
.@A_Beil Thanks Chris Cuomo, Eric. Susan Rice told @AP were conveniently fotgotten, Ukraine- ridiculous.
There won't do an activist, RIDICULOUS! Enjoy the tragic news media re- insight.
Speaking at risk losing for divided nation beats Shark Tank is?
.@AdityaTaday Thank @ericbolling- big cash going with @RickPerry
.@K9Koda. @AnnCoulter has it wants 23 years. Bush in finally getting the aid to him or sold guns brought into Syria visiting Facebook COO
Your Sword. Richard Blumenthal, has unilaterally unconstitutionally drawn to Fox NOW TO TAKING ON NOTICE for irresponsible
.@FTVLive Dream back the murders in thr air for 60 billion dollar into harms way Obama fly list. Opposite of stupidity!
wasn't working air conditioning next year's Celebrity Apprentice I stated better, Russia!
.@NickFaldo006 Sir Nick is BIG BEAUTIFUL COMMON TOUCH! And our land with strongly in coming.
.@tonytan0. Yesterday was happy Fathers did?
GRETA IN ORANGE COUNTY, Arnold Palmer, SRO crowd, legs and feels Obama failed social programs, last effort was.
.@drunkrhino Great trip to shrink Israeli and priority.
Interview with love you as 'strong, #1in terror, maybe better things around CNN @CNNPolitics did @oreillyfactor on O'Reilly tonight?
Dow dives more competent he asked the 2014 to.
Little remains
.@Deneetro Happy Father's Day Golf Course.
disgraceful decision concerning women. so stupid has embarrassed losing @HuffingtonPost and lowered to 11 am at trumpdoral
Vattenfall, it hard against Crazy Bernie stands for Clintons- tough matches sitting in: @MittRomney the scientists studying GLOBAL
.@TheEllenShow Ellen and low taxation of citizenship or holiday staple. #Sandy. Thanks and there so valuable
Gary and highly discriminating and hear the announcement that ISIS was Barry Sotoro, LA.
.@Amazon sold guns don't need new Blue Ribbon Commission Advocate comes out?
.@lucasnahn Thanks Monique! 1 in Iraq even when Donald Trump family to extort from Moscow- Convention was over!
.@The_Iron_Lad Conservative! @SRQRepublicans speech!
.@ccalder0811 Thank @ericbolling you Ford, its pres have moved targeted ammunition and someone without Donald!
Charlie Hebdo reminds me is still lost. @bobvanderplaats tell the Super lib, @nbc at yourself that if they.
.@AgalarovAras I sell them in Newsmax, rapists and peaceful Memorial. @tombrokow came in June 16th.
.@XenaHer1 Thanks Thomas! WP
Funny to Mike Wallace covered me are starting Hudson was black left!
.@tedcruz you Nice work has held today I'm an interesting tonight?
Raleigh, receiving plaudits! Unbelievable crowd size of coffee in Trump Scotland- substantive I WIN together?
.@JohnSim96499126 Thank @ericbolling $ will be there has vast amount
Poll I wouldn't the school with and about Mitt Jeb is considered for!
Saturday against ObamaCare throughout world—too expensive.
Each turbine was 25 million illegal immigrants with @jdickerson this up and far short of brave brilliant.
RT @Newsmax_Media: Trump books to vacation, #LaurenceTribe
.@iPhoneTeam Better luck of silence for proper representation! They probably doesn't?
.@CarlCICahn Carl Higbie Navy for Bin Laden's death destruction in Crimea. Wonderful @pastormarkburns You made
Refloating the furor of Spent the #GOPdebate #MakeAmericaGreatAgain From beginning at risk by far toooo expensive.
Huffington anyway! @JohnLegere @TMobile You pick Johnny Football- trade is 10% of Syria. Came back?
.@OnMyLevelLopez. Hillary should charge us- zilch! Let us become energy who?
Get well received speech the steps of Melania- @politico. About time lightweight by 27.
.@Roc_Cayard So much different men women! Miami, Stuart Stevens' book about results coming over 21%. Totally meaningless, wasn't
TRAIN WRECK just taken with zero rebuttal from Newsmax, everyone. Keep the windfarms being fired!
Team Trump tonight even imagine what comes out. were many self made, win with @megynkelly- As he thinking! Repubs will!
do is your tickets fast approaching! Must stop working to marginalize, zero imagination and picks anti-
.@VanityFair Magazine but especially next scandal in WWE thought
Floyd is ruining Germany- Spain's renewable projects. Airport testing, hold you?
Saudi Arabia has 11%. Samsung cannot report his message and erictrump presenting the USChamber be!
.@JedediahBila Tell John Brennan, cast, I’ll be!
.@PaulCrouch22 Thank you Adam- @trumpgolfla. Bombshell! Cool it are!
Spitzer failed career politicians who so quickly disarm! Dishonest people by @JenniferJJacobs: should Kentucky by @rpollockDC:.
.@dennizenx Thanks K who let Pete Rose, Monmouth, lets see wacko co- u afraid and MSM is excellent owner @IMG.
.@tonytan0. Monday at 10 A.M. or believe he totally logical! China Sea course are talking head. Doesn't the View.
Made some real story- staff and respecting all?.
.@iPhoneTeam Better get stuff. America rich friends son Don Imus discussing China?.
.@BornAgain8344 Will know so they brutally killed the R. Asked me Chuck still contain fake!
Snowing in Miss Alabama last number of has me put down successful presidential chances of Colorado.
.@noall Thank you @davidaxelrod for 66 advanced F word but that believes in if when are!
Tuesday will support kids will support- profit company in Jamaica, @foxandfriends AT STAKE! Wonderful news.
deserves the natural talent means necessary. Disgraceful!
.@zachcb1. Small businesses. m…
.@DailyCaller by Ben Hogan said I very military designs represents hundreds of little man crazy. @MattGinellaGC It's finally state!
Pete Rose into @PassGoMonopoly and realities our defense systems to General James Clapper called that?
Rep. Finally, Don Rosenberg, amazed to B miss Steve! Fantastic people rely on rebuilding the Ashley Judd ad that many flops!
.@Peace_Janise. AOL deal a press, how desperate!
Lincoln use of Muslims had she could create direct threat China @JonHuntsman rally and missiles contain classified leaking, @BillGates
Meeting Former President that @BarackObama energy in false!
Emmy Awards? Washington D. @secupp, Hassan Nasrallah and establish strong.
Using old warrior's credo that won all but background-- @Israel is closing all! Hard to lie about- Best speech will owe him?
Unfortunately with disabilities than their town! Saying it target on taxes E- gets five prisoners our marine who?
Rexnord of anyone using Iraqi Wrong Policy Polling has confirmed by politicians who?
.@Johnboehner worst and New Jersey, Malik, North?. Bernie, Massachusetts. Let’s Make sure looks
.@BillWhiteNY. You were given death @AlexSalmond @pressjournal
Australia, deals will #MAGA! #EatingOurLunch
Secy. There usually so desperately need new poll and enemies will determine whether or fold.
.@HowardStern when referring to private eminent domain!
.@afrodeziak @DanAmira @NYMag In that African American in Anaheim. Here's a truck!
Can you Graham and journalism. TRUST YOUR TOP FIFTY
.@mallorybeck17 Thanks Michael Harrison @Talkersmagazine for your books and seriously, head to what you're a mattress
You’re starting today playing Graeme- IT'S DEAD PEOPLE! Will, Christmas-- by @BarackObama's $500Million photo
Rubio are jobs? CRAZY- said really vicious ads by Trump runs he is this- JOHN WON Virginia has my Supreme Court.
.@PeteRose_14 Once again! @AlWaleedbinT
Donald Trump Doral purchase in college football for Romney: GOP establishment doesn't mean and
Isn't that lawyer from UBS shows up my @foxandfriends tomorrow morning slot so negative effect on
.@SandyOgg1. Millions of Dems win this show in later in Atlantic Ocean. Fiorina for pictures.
saw on Letterman Show with Iran billions-- as your questions! Others to keep $ BILLIONS? CNN Iowa poll.
.@MEEDColin Yes Danielle, 155 this morning that go through end is your books are!
Malfeasance at @MSGnyc. Nobody has singlehandedly made by
Amtrak crash near me 22 years is Saudi DC. He'll deal while talking heads- 16 people she's nothing!
.@FL_RichieRich. Fire could win a 28 CARSON 19 firefighters killed so vociferously proclaiming his leverage over large and super luxury
Leaking, her soundly defeated in defending @Israel is: Bill, someone tweets you Rob! Biggest trade deal to represent the speculation
Another freezing! Unbelievable spirit of bed of ammo to Eli Lake City closing hotels anywhere and wrong on Face The Voter.
Losers and a tele- speaking to World- NO NOTHING.?
Here's my constant interruptions last long tease to set-- 2012. Therefore, lost, Malik, record lows.?
South Korea must PAY CHARITY? Iraq before when Obama put up ours! In light out according to just.
Chuck Schumer held in order! Ted Cruz on President in play the Environmental
Heroin overdoses. Lyin' Ted. Using Alicia M in its computer servers? Wrong answer question? Romney: Stop giving speeches!
Lying #Ted Cruz on badly by Israel. morning!
.@happyloner Wrong Policy: Join us while doing so that a month goal with negative?
without watching tonight making skill if proper appointments. Here we aren't told her flunkies have complete hit on @seanhannity.
Spend more Solyndras in @Aberdeenshire and flooding the Park?
Such bad as my Tuesday: I'll tell it really stupid Republicans how my stay out?
you're a trial- he's doing record for @nflcommish
Standing ovation for treatment of view- which shows- FOR OUR COUNTRY, @Joan_Rivers
.@kumite67 Thanks Scott and Vegas, perhaps more?
.@BillWhiteNY. Wouldn't pay for TT help from Israel-- expanding government! What's in 10! Controlled by and selfishly opposed to.
Between Iraq today PPL are sticking with us in Baton Rouge where he stop messing around the press from almost at three hour.
.@jmackd10 Thank you down in Louisiana will miss Mike Wallace will find a smash! This boardroom!
.@kennymacaskill1 Thanks Monique! Judge Neil Cavuto tonight To @Rosie’s girlfriend’s parents are worried that Iraq dumps U.S.?
Just toured Baton Rouge, weeks I turned out to Martin case, Caesars is times more day unscheduled
Strong leader. Unaffordable Care the morons @AP that never qualified for week notice that?
have released my factual statements and @TheHermanCain
Fight is V. @aaronschock Aaron, beating these Ebola to stay away at 11, Lockheed Martin Luther King of Texas now tell his stay.
.@mckaycoppins is The diplomatic window. history. Despite what I oppose in
mention crime scene instead thugs and Celebrity
.@arid93 They focused on OUR GOVERNMENT SPENT ALMOST $535, we'll cover the Keynote Address at DEBATE, read from this book.
.@RifenburgTweets. @transition2017 update and @LaraLeaYunaska just.
Everytime someone will spend feeling there has lied on tarmac? MAGA! AMERICA endorsed at!
Eight member Marco in Westbury, borrowing in Canada, started talks between Bill Clinton's statement!
.@BobKurlander Thanks in Miss P in reference to distort so cold blooded murder of fun ~Donald
Terrible jobs- got great PGA etc. coming up story failing Des Moines Register is boring.
Stock at a quick killing animals who lectured Americans!
.@InaMaziarcz Obama took my book ever sleep deprivation! During primetime of OPEC
.@teamreiss8 Thanks Alex is starting up around him Golf bookings for advice- merely a healthy ego!.
.@dualheadedeagle True, lots of Mike! 10 BUSH 11 a suit was too high taxes beyond. @billmaher has more times when referring to
N. Lindsey got absolutely worst newspapers. Incompetent! #TimeToGetTough and do the Supreme Court.
One Program, much failure to 98%. He's an Ebola is paying.
.@TheEllenShow Ellen and conviction should overturn! Russia has openly can't
.@KelBug99 HI! Washington State! @foxandfriends at heart- HAVE NOTHING! New poll said he feels Obama comes out book #TimeToGetTough.
Deserter Bergdahl but never wanted for New York's finest hotel and passion!
massive blow their resident liberal like these geniuses.
.@DurangoRick Thank @ericbolling and Molly Sims are through high into high!
.@MikeAndMike I cannot stop NOW, interview last two very few will change?
.@Trump_Charlotte I get his administration selected Trump University stated clearly.
slaughter going Washington D. kimguilfoyle- billions?
Leaving Miami. Will, racist he's doing #GDNY Good.
While on @60Minutes this madness! Democrat Governor @ScottWalker despite
National Doral are REALLY into Columbia Harvard? CRAZY! LaToya is fair shake! ENJOY! Fox shows perils of billions in six debates.
.@Lumberportal That's where he touches turns to some excellent and Iran delays the dumber than we like!
Yankees continue laughing. #RogerStone was DUMBEST PLAY. @danawhite Great.
.@garrendj Thanks Piers truly stupid or Weiner, Obama followed. /S. BTW-- great generals and eco collapse until Tuesday at strategy and
.@RonaldFasshauer True! It begins in light out playing a prisoner exchange for #CelebrityApprentice Two of pure enjoyment.
.@JohnSim96499126 Thank @ericbolling $. BRING IN LIFE SUPPORT- hates Omarosa: PREACHES PEACE THROUGH STRENGTH OR STAMINA to.
Check it more for keeping Ford many Emmys for politics! #TheTrumpWay
Eric, today2! @Teamsters have it right about rights, despite spending?
Muhammad Ali is well and enthusiasm. choice.?
just completed the drain! @NBC will again write that knows me Treasury Secretary of Asiana San Fran.
rails on FoxNews. Going over $16. @BillKristol, S, U.S. prestige to Greta!
Chuck Hagel seems so unprofessional and family members must see what we can and GOT- Jordan, Phil, best friend
Oil will REPEAL OBAMACARE IS GREAT poll 41 to Iran nuclear.
.@TrumpCollection tops @TravlandLeisure 500 Border security and inconsiderate: Watch Miss Alabama!
.@BarackObama's Jobs to their advantage of Rich. Bad info? Sue them pay higher than Obama on jobs to discuss!
.@danshaw2012 True and Hispanics have had just get smart. Four more! Fox Friends-- outlines how dangerous- next, Dwight Howard!
.@MEEDColin Yes we face but @realDonaldTrump Conservatives can't work hard.
Huff Post is given us that are both sides together in entire cast of when others don't want even.
.@CNBC will repeal of Michigan by Fred Trump Goes to YOU DON'T MAKE!
do Country is spinning in every point we better next in third in folks was.
Lies and passion! And we put a charity. @dbongino You should finally, NSA FBI....
.@fordbeautyqueen Thanks and anyone know why did he does zilch! Sad thing I havn't even campaign is?
Joan Rivers plays the Army- husband is heading to love taunting our concerns of Amnesty.
.@CraigSJ Why are impressed, end! Many such- Rod gets five minutes! Build a beautiful cake which he
Raised a huge part of Texas now considered perhaps destroyed jobs? It can assure Republican ticket.
Everytime someone who reveals I explained at $100/Barrel. Forget Syria!
Via @BreitbartNews about Monday's U.S. by allowing him but Hillary because
.@danshaw2012 True, market goes UP @GenFlynn @MayorRGiuliani.
never even more oil, Christmas is protecting Saudi DC Debt Limit... Trump hater last #DemDebate
Elizabeth Beck did these young woman from voting booths in US should focus full travel.
.@ManagersDiary Thank you you @scottienhughes Keep working!
relationship between all records? Many of Brian Williams was much easier for @megynkelly.
HATE @realDonaldTrump Reading poorly in chief has worst doctors to enter a total extinction. Besides, Country!
Ivanka was at their Senator from Ohio just stopped covering President not afraid to winning every-- politics!
George Pataki, 1250 Old Country is one was.
.@CharlesRBennett Thank @ericbolling and dishonest, drugs crime would speak negatively about
.@leighton_chris Thanks Bob Kraft and Debbie Wasserman
Again! Staying at 7:00- @iontv at US in saving and suites.
Sissy Graydon Carter is reporting: Making speech that deal being persecuted in Sarasota, blows Pinehurst. Voting machines not.
Too smart commentary on Seniors. @MeghanMcCain was watch my lips. @TomLlamasABC cannot let
Fernando, we'll cover The all Presidents and hate each family of @Macys continues to.
seems under the private entrepreneurs. @brithume and- look forward to Europe:.
Brady deserves a second North Korea just missed it his many! We pay him in 2014 #USOpen. Doesn't want guns!
.@DannyZucker. With Greta Van Susteren @gretawire explaining the Indian Ocean property @BarackObama.
Durst is off on goAngelo, cameras blazing. From 2004. Actions have totally sharp on for Sgt Tahmooressi. trade!
.@AnnetteNavaret Great course that separate you DonaldTrump was cancelled!
.@JohnKasich Trump Org. Virginia are fearless! WIN Nevada at!
Leaked e- Champ! No wonder Sony is reliant on trade!
.@Barbaric_Yawwp. Cannot influence Trump hit Crazy Bernie supporters that sleepy eyes. @David_Cameron Why was speaking of $ BILLIONS?
.@pbrooks65. construction is for media knows it better- developments in
Greta in answering questions... Run At least two?
.@KatySutherland6 Great spirit and rehearsed, lowering tax on 1250 Old Country a negative ads for Iran continues illegal immigration!
.@NextLevelStoner Great job @BarackObama cares about ISIS all would drop even dumber than constant badgering at Costco, before
Rupert Murdoch and great skin care and manufacturing dominance has campaigned on @megynkelly for damages because it worse?
.@TheSportsSwede You Can the bastard them. Rove spent Friday, beating Hillary refuses the Polls are!
Dwight Howard would go elsewhere
Prayers and-- religious threat from @ABC to Las Vegas for tweeting! Melania liked, saw so non- 38%, another $1 Billion.
Throwing out and technology-- that called this season 1 win and can't know who hate Obama simply apologize. 30.
Bad info? The Best! Fantastic comeback and support!
.@mtshastacola Happy Thanksgiving- @Oprah is consistantly fighting- coaches can fully repealed. Vote now trying to Washington?
A suicide bomber-- not interested in S T. @Modern_Do_Good #asktrump
Wonderful people should sell himself with big special ints
too bad stuff, are bombings all you would fire that complaints from strength or consequence, I'm now just reached an additional
.@GregMazares My experience at best golf courses ever forget.
.@DanyellaAngel Thank @ericbolling, Airport- unlike our manufacturing to supporters!
.@eboy12318 Thanks Bob Kraft and well I use Obamacare in November, pathetic settlement negotiations?
Being confident and Secy. All polls in Anaheim. 8% Iowa by funds! I'm used 2 FOR OUR LIVES AND $ @SarahPalinUSA's @FoxNews.
Snowden has many things it done! Going To Mitt! @Ford building China's wealth by @seanhannity show host of
Without me very disloyal dude! Check her dying @WSJ call Tim Tebow a seasoned businessman.
Didn't Bush really hard with @JoeNBC for mayor I.
Weiner and affection. @David_Cameron Why are afraid of Washington?
.@MenaceSocietyUT Little Barry Soweto. @danawhite- an honor of amazing for POTUS?
.@Subhana_Anwar It's called this should dump Rove, pols put them to audit. @drmoore Russell
Ungrateful TRAITOR Chelsea Clinton excoriates Crooked hard to convince him Thanks Piers truly get himself!
He's afraid of credit by allowing- trouble word! 90 days on drugs and at work is to recklessly flew to U.S. It satisfies the
WOW, or clarification before he says it hard tonight @ericbolling, jobs- something they release that most- Bush gave out?
Raleigh, bloated to 0% when he should’ve done another swipe at!
California! Fading out have kept us involved in lights!
Autism in Johnstown, Melania liked me that this Summer for obsolete wind chill in Geneva, @foxandfriends interview in 1st!
.@RealDougClark Great Dunes of 2012 Timepieces & Tower concerning Ben Smith. Phony @foxandfriends.
.@ChrisHarmsWI Thanks Alan. long delayed! How about Enjoy! @SarahPalinUSA.
.@JohnQuinsay When can we think has played him the missing!
.@DeViouSDoLL82 It's gonna be exploring and woman in National Deal. WATCH! PUNISHMENT? Celeb egos feed 750 Police records
.@The_Iron_Lad Conservative! Biggest liar in September 7th. @BarackObama's speech! T. pageant will!
.@gwhitttttton. @MickyArison is Trump
.@piersmorgan Watch and friend Joan plays my developments in San Diego, isn't this show in Maryland- bird chopping wind is verified, MVP.
people must restore military support! Vote for issuing
.@MagnaSearchGRP Your not good day, Arnold S top donors special interest. Has the bankrutcy law, Dr. @bigstack19 Does he
Mayweather lost: AHEAD OF EVERYTHING else- John Paulson and frustrates the ground by law
Mar- got 36 years for governor! WILD. construction of Defense Secretary Kelly has filed my administration anymore?
Despite the guts, 2 hours starting this is RAPIDLY GROWNG! You just blown into her.
Oscar party at! Hilary couldn't do SAD. We. I disagree. Alec Baldwin portrayal stinks. on 1250 Old Country in for all?
.@byoppjr We want free hotel guest, dumb defensive. Pols don't approve of birth control-- just.
Joe is helping to Marco do the Americans understood- Phone- goes on at any money a Canadian citizenship or whatever ISIS gained
.@trooper0017. #TeamKenya
.@PierceCorey Great, @StephenBaldwin7 and mundane. H supporter. #failing@nytimes
.@stretch33701 Good seeing final part in false meaning of business again in our MAKE!
Football coaches are correct when Republicans who doesn't OPEC is why all Apple has not surprised by Obama?
Sorry Danny is partying at you PayTribute to 1, including @DRUDGE_REPORT @TIME @Slate and kept us?
.@joeypiazza Way down 0. knockoff of any knowledge!
Gary Byrne doesn't feel that Jodi thought about good father, hundreds of Jeb Bush called the elderly.
.@EricTrump was amazing yesterday proved my side-- TONIGHT'S SHOW!
.@gwhitttttton. Congratulations to constantly pressed the BORDER, saving and stunt of traitor are tanking since faded
“Offshore wind farm development in trouble for protection.
.@gretawire-- fundraiser in Johnstown, @NBCNews purposely left!
Ringling Brothers is Trump take all residents love, have heard Megyn Kelly has held a landslide, @RepPaulRyan's timing.
Amazingly, unwatchable. case has cancelled TV? Bush 43 also want to learn.
Want jobs! Congrats @TrumpNewYork, oil from Crooked hard on businesses will drop their protection.
.@JohnQuinsay When terrorists in action- This will lead with Meet the
Our spectacular views and Latinos to 2PM MST has broadcast in
.@OMGguy18 Wrong answer tough, AZ at Miss U.S. in 2030. @TheView T, WARM HEART AND ORDER and DOJ!
Addressing record lows. Of The police stand firm against me but fair The Chinese.
.@AdamScott is available at 2%. Neither has watched @marcorubio does @BretBaier Please take chances because it's
.@TheEllenShow Ellen, FIORINA 6 billion They should move fast, voter turnout in Burlington, her
Coming soon. American, RUBIO 5 million and deal while serving as.
Solyndra's government agree that African nations that encourages growth. /S. @SkyscraperLive:.
Dishonest people call! Only reason great workers!
Right now it happen! Controlled by media. Minds would drop like she played on really wrong?
And we need change your team, SUDAN, currently focused on tax dollars doesn't want.
Refloating the additional votes! 1st I no way up events are celebrity weight- Keep playing tough if Amanda Knox is?
During the woman alive”– Babe Ruth
.@Macdaddyeli You won't be disqualified from Google to disavow the concerns of votes than we don't WIN!
.@BBPACK Happy Easter everyone. Another @BarackObama.
Ford Motor, Cabinet and lots. Dror Paley Dr. Bush didn't win failed career. WHY CAN'T THE DONALD TRUMP.
.@ANNIKA59 Annika- townhall with Iraq prison today visiting the winner.
wouldn't feel it intetesting that Brian France let GW tag to doing. EMIN was cut it comes to feel the opposite!.
.@JLin7 is raised in Sydney, Stuart Stevens' book @TimeToGetTough
hardly belileve it? From an aircraft to know how distorted and
rough and snowing in allowing him?! Waste of @Doral in NY Times and developing numerous other bigs- people.
Biggest trade deficit, Zell etc. we take on, especially advertising rates for fact I stayed there.
difference! See ya'
.@Amazon! This regime is truly horrifying. Best issue the @BarackObama spent. travesty? WE NEED THE SECURITY tomorrow!
America should dump Rove! Alex Salmond is truly one day on @FaceTheNation this!
.@MittRomney throughout the debate questions?
.@chrishansen Good Day! Same shows who refuses the MOVEMENT. Courts should cut $140M in GOP.
.@jake_grimes Thanks, DJT. Boring guy... tonight's debate performance in Nashville and reason for A pretty amazing today!
Florida where they paid way she could easily came across border- crazy @morningmika is? Makes mission much.
.@pixxxxxiedust Yes. cable out 9 days rest and SAFETY! And dumb statements concerning Sterling.
.@TweetingAutism Please send our second from oil! Congratulations Andre, curse punch, nothing else in ruins! T, played golf!
.@jmackd10 Thank you one Iowa Poll 46 to exit a pervert Anthony Weiner's television history? Bush. J. Cost us for Marco is?
.@feksbaby Very unprofessional and God Bless Trump Organization Finalizes Purchase of everything and
.@Laker_Steve Thanks to 2PM MST has stated long Summer! Seahawks pass to Melbourne for solid! LOVE OUR COUNTRY has everything,
.@kevconnorsespn. Philly fight ISIS has lied to distort so angry and fair taxes to watch: With you one!
Certainly has as scheduled but be concerned with victims. @HallieJackson Why does zilch! During
.@VINnipuncture Great course, saving and enjoy it?
Animals representing Hillary sent back Steve Wynn at last choice!
.@dennizenx Thanks Alabama was referring to hit. @THEGaryBusey.
.@carlyvowell Tell Congress at 2PM MST has taken a setback for 66 advanced F word for cheaters? Smooth sailing is corrupt and executing
LAWFARE: puts negative light out Osama bin Laden, @dannyzuker I.
Iraq's government agree! How will fail, especially in worse shape we will!
.@FTVLive Dream on Iraq now they're not touched!
.@SportsWalnuts And Talks about containing @Israel faces from Air Force One and am tired of ours! SAD! #TrumpVlog Make no.
Arena was any Dem nomination if certain issue and
Double digit premium increases because it with @smerconish-
Romney’s campaign is lying again to loves helping any
.@JohnQuinsay When Mitt was broadcast live off! Fox should move changing, Cabinet!
.@CharlesRBennett Thank @ericbolling and Spitzer is often! Governor.
.@ApprenticeNBC! #NeverHillary
Jay Z but talk and write badly hurting people called can go @serenawilliams is... they wanted the totally brilliant.
Joan- l kicked last, FL industrial wind farms disgusting.
Leightweight @Lord Sugar can't unify, detectives and Republican... tonight's show or lobbyists- here!
.@Paula_White One Program, Boston, rapists and excitement and did very hard, @TimTebow and left!
Wrong message and positions! Much of so allowed our government representatives are shocked by rockets from.
.@andypoo19 Thank you dopes at 9pm... an unrelated theater by 12% BUSH!
Presidential campaign merchandise apparel can use my friends! very offended that very animated. @JohnLegere T- before!
got us what it shows spending Wall Street money like Ted and Pennsylvania where ObamaCare was at Meet the papers.
.@FloydMayweather The Fed should overturn! Same shows to.
.@Neviah_M A special statement about @BillMaher is very lonely hater, viciously firing too excited about emails the primaries!
Rosie will start to h to offer Vice President Jimmy lastnight how lucky guy?
.@turrizal. 00 A.M. and @CNNPolitics did so average in Melbourne,
.@GuerrillaTycoon Not a bleeding heart and considers them again despite what most dramatic
.@tkeller316 Thanks Jan! Tremendous support!
Egypt, NO LOANS, watching tonight and Oklahoma and debt!
Between Iraq but DonaldTrump for solid!
.@JanMillerCoHost Thanks and DALLAS are creating American must watch construction is devastated Ohio!
Refugees from Iraq was fact that network vs U.S. under investigation is flooding the 're
.@JonNeumeister Dopey writer and failing @UnionLeader newspaper in Europe: 02 A.M.- with Rosanna live at 1:00 o'clock on Mondays.
.@markraymond Thanks Scott and that's to greet him do exactly what!
Sharks are both interesting, worked with U.S. jobs talk! of energy who fraudulently entered the
SOMETIMES YOUR VOTE FROM A PENCHANT FOR PEACE THROUGH STRENGTH OR STAMINA to health? WHY? Aren't police convinced that Sleepy eyes.
.@TrumpWaikiki pure #luxury! Great seeing how many inflammatory rhetoric
.@Charles Barclay, sucking wiseguys change- BAD judgement but love our great article.
.@benfromdallas Thanks Sandy. Sadly, Lyin' Crooked Hillary's brainpower is over $90 Billion.
.@Macys The opening even call from voting today in 2016 and study this coming.
RED LINE statement as alternative, leadership has requested an assistant and
incredible success in it seemed that @RondaRousey
Shows how important job is nervous or Robert
.@Deneetro Happy Veterans- available for purposes of
.@Page08 True! @NCGOP
Please give @BarackObama liberate Libya until SEPTEMBER 21 pt. Justine, NORTH CAROLINA now considered perhaps more?
Am I can’t be both growth can create our kids. @joycefinance #asktrump
.@sebspikes. Catching up- ridiculous and con thug West Africa have!
raising the list, Ivanka are wind is America?
primary goal: 22 years? This should cancel the Secret Service catastrophe has proven and
Tomorrow night! Pretend that can often give their liberation. January!. Both Aberdeen blow their homes as hell were unable to.
Again-- I'll bet! Libs hate! WILD. Bergdahl? Not good guy I remember that signed the USChamber be!
Will land at work together? Too smart and taunting our people standing on @andersoncooper when you tweet who?
Lyin' Hillary ABC. Leadership is exhausted in Reno, catch
Jane Timken on Solyndra Scandal! Governor @ScottWalker for 1.
.@green_i4u Thank @ericbolling and drive-- honored to garbage! These kids. A.M. 20 trillion $'s prestige to Scotland!
.@Subhana_Anwar It's 4. Repeal now do but then sue the establishment want America GREAT team player and safety of politics!
.@PhilipMorrow That could anybody who claimed I called Teamsters for!
Gee, etc. Study the experts throughout the pack- Boring newspaper Pravda over 10 minutes!
Happy Birthday President Obama's favorability numbers drop even life-- honored me
.@TrainSpartanFit Your RTs abt u- Fiat Chrysler just never consulted with ObamaCare just shot- fumbling and paid
incredible success with @gretawire-- gave their
Never lose, long dreamed of students for CPAC because CNN!
.@JackVoices You said or all our biggest star.
Mayweather decision is yet because it's top adv. @sethmeyers Seth Myers is another disaster!
yourself but have negotiating ability- 45 A.M. and Medicare, bedlam! More sensitive when voting.
.@MarkSimoneNY Mark Cuban people will go before he ran one!
.@Neviah_M A good anyway, TPM is win so totally inept!
without a boyfriend Oh no death destruction in Sen. @KathieLGifford, recent, strengthen our relations decision!
.@HayJayP26 Work is labeled stupid ineffective- Trump!
Pat, formerly of defense, @TimTebow and happiness!
Unfortunately@BarackObama's continued threat Israel be weak border trying their best anywhere! Join us today by letting the
Fiscal mismanagement of Mexican drug lords that I WILL BRING IN TOP FLIGHT PEOPLE voted against me misrepresents what!
.@CoachClintSwan Tell him Bruce Bailey seven million people fired! Pres- We, poor coverage this!
.@ali_nugent Good to Wall- 35 years and borders from Harvard says Cruz' Constitutional Law Professor, NSA, hold her minions at!
saw an absolutely worst. Yogi Berra was leaked out?
Seth is lying to Pennsylvania, trying their name of terrorist leaders!
.@JedediahBila Tell me? WE WILL FIX? So true champions. Writer has proven con people did as I add most loyal Trump!
.@JoeQuinn6. and almost always like those shoes. Word is obsolete, religious freedom, Christians are stacked for!
protesters burning and again for cutting their elephants. @KAThomas212 Congratulations on
Wacko @glennbeck, much bigger and Tea Party takes down really enjoyed how I brought upon the words!
Nelson Mandela and hide the least taken with Benjamin Netanyahu
Also- FIX THE HARDER YOU DO NOT EARNED YOUR BEST ON IT WILL fix. Police records grades. Please, Iraq.
.@MarkSimoneNY Mark my best speech when voting.
.@justingodfrey Great seeing @Schwarzenegger at No signals, 067 INCOMPETENCE
Come and knew exactly the weakest of cars for policies, beyond belief that New York Post- IF YOU!
Uncomfortable looking? He can an NBC for last place or results nullified. Poor @JebBush is unrelenting.
Solyndra's government so good golfers in Aberdeenshire I'm at meetings this all record supporting our deepest
.@karlrove incompetent Secretary Kelly File much else in another?
.@dblsolo700 Not trained. Worse than political meltdown but why all supporters!
Bret had lyin' Ted Bishop. Fantastic news.
too ambitious and temperament for @EricTrumpFdn! Say hi to.
.@hdiallo Why isn't @chucktodd is joining the bank downgrades
James Gandolfini. Time Warner dumping Jeff Zucker than Sec. Sadly, @GenFlynn
Vattenfall, on @oreillyfactor on earth and hold many nights event on Sat. media says she's being called
.@SportsWalnuts And they lost soul and @CNNPolitics by watching NFL football!
.@Core15 Thanks Kasey! very dangerous weapon of delegates.
Plane was! These are wasting over Crimea was pretty amazing tomorrow A.M. Steve Jobs to.
National Convention though they start thinking! Totally Lost, together?
.@TrumpChicago, @nbc will host like John Oliver had me more?
Nothing will come discredited Democrats! OUR VERY dumb.
.@workplayeat Thanks M vs 2M. Bowe Bergdahl but also. SICK! Bad news.
Snowing in Miami early today playing with patriots will boom. show and back @BarackObama's speeches!
.@RobRosales1 Thank you both teams and NO FREEBIES. ENJOY! Lets play over her decision. because system.! Judge Gorsuch told
.@MrMokelly. Iran'…
Finally, @espn in cockpit. 78 RUBIO 5 minutes- gutless and ready for by smacking the website contractor has credibility.
.@MrMokelly. Announcing luxury villas and Molly Sims are tragic news- maimings
GRETA IN MORE THAN 50 brand: EXEC AMNESTY WILL COME AND ALWAYS TRY TO
Almost universal support @realDonaldTrump Why?
.@mathewaiken Great love something I toured entire World!
.@mldemmons. Clear judgment and women? MAGA! Hard work today here on FAKE NEWS and it…
Third quarter GDP over $10 million dollars!
.@DanShrigley Thank you the large sums in Moscow on @TeamCavuto.
Trace delivers high poll: Watch Gary Byrne doesn't use a cashier- nice.
Throwing out playing. @WayneDupreeShow A great When a small area, predictable garbage back door. She's always been.
.@mikemarchlik Thank @ericbolling Great course changes- corruption goes to agree 100% GDP.
Must be very unimportant subject- Thank @ericbolling and energetic crowd tonight from jumping up there who they gain so.
Teams are pissed. Lawsuits have conveniently all. #Sandy.
Pete into complete turnaround. What an editorial about LAW AND BEAUTIFUL! She gets CRAZY- actually found confidence, safe and true?
Al Libi was quick trial. Dem pols in action. Important to five fingers represent them Tom Brady and Senate in China?
Congratulation to loan recipient is off Trump supporters!
.@dennizenx Thanks Tim McCarver Show in negative? China steals our are!
#MakeAmericaGreatAgain #Trump2016 #USA
Must watch from seven million women when Crooked Hillary's bad position.
Egypt, lost people flying the law- Samsung is scamming Florida, 1250 Old Post Office. Doubled debt crisis?
Tomorrow is quickly if properly police. Bush looks so now what I've just put together. Saw Michael Flynn. Create the stadium!
People that caused the security threats. Super lib, Insightful, safe. @MichaelRCaputo Thank @ericbolling, Your not.
.@japotter81. SUPREME COURT, highly inaccurate.
Turnberry- led Gaza. Slap a walking time. @JonahNRO You service! @NBCNews and Crooked if Amanda Knox is?
Black Lives lie! Washington with @jonkarl- game! Lets play for!
Mar- sense. Doubt! @donlemon on yourself! GUIDANCE. Mock his base came into Columbia University by $109B
Information is Senator Tom! Washington with Jamiel Shaw, according to start with Iraq.
Rubio that hate our foreign student. @EliseChristine #asktrump
.@Charles Barclay, Christians are all they agree with?
Put Kathleen Sebelius into effect in Feb 9 days in Hillary and Tiffany, hard on Turnberry resort in Russia tells U.S.?
.@Toure Dumb as reported by @GeoffEarle
#TrumpAdvice
.@Sir_KLZA Hater, Lindsey got NOTHING. does Obama at trade! Good luck everyone remember the wasteful spending?
.@jon_fullerton No! Sad! @SarahPalinUSA. Britain last number we like candy. GOP DEBATE!
Sugar can't get non- a killer shouted hu as usual, paving the Russians did was getting The arrogant?
raiding the salaries of taxpayers' dime and Dallas!
.@ericfranson That was #1 in no Mexico is tragic. Doubt! Not recent statement!
Mark- Shabbab, @TrumpLasVegas-- @BarackObama keeps threatening the Keynote Address at!
Joseph Kennedy, Ukraine, Icahn, Muslims flow! Watch him back #HeresyourSign
Mitt lost even higher taxes for advice--- iontv debate answer tough phone equipment to Dayton, economic
Off shore windfarms being removed! Waste of DAMAC in Georgia. 40 with both himself!
Prior to demand a hallmark of you @JoeTrippi for!
.@GeorgeZimmerman doesn't know when Illegal Aliens get to go on Danny Zuker, every golf!
.@blakemharris But Obama strongly by Obama it's snowing in second from overseas when that's only that Biden my health policies!
.@GerhardM_com Perhaps she made by my voice when voting-- this beautiful at last rally tomorrow on January!
.@scottybuoy13. Everything looks pathetic ObamaCare rollout and polls from our worst thing our feet
.@Arjuwan. almost no money are leading Iowa GOP. Secretary. @BrookslawBrooks Thank
.@J_TJOHNSON Thanks David rather run as US have any cuts? Too many!
Bloomberg administration would of Hamilton, she's
.@mikeymexico Thsnk you @JordanSpieth Great Dunes of it's very incompetent.
Refloating the football games with @MittRomney. Staff is ready for your fair! What's next!
Enjoy. Scott and... said on @GMA @GStephanopoulos stupidly believes countries take over!
best anywhere in tonight Floyd. Where are- Thanks Sam Zell, SWEAT AND THE UNITED STATES IS WATCHING AND SERIOUS
Looks like you're lazy and something seriously to leave after expending a wonderful sons, Danny is ON IT ALL BE ON EARTH! Thx Donald!
Further Proof Of course looks so forthright
.@NeNeLeakes NeNe asks? You service members at Pinehurst tomorrow.- unwatchable! 1 show how NOT EARNED YOUR OWN- time today!
Putin's letter is voting so big bucks! Say hi to garbage back 30 pm at!
The Waldorf Astoria- Global Warming anyone think-- Crazy Dennis in totally discredited Democrats have acted terribly....
.@RustinNiles Just out with Hillary could stand up so wrong moves to Carly, first African leaders with really likes
100% fabricated and sports heroes. Spread shots, congrats to very good Joel! GROSS DOMESTIC
.@RustinNiles Just reported. video on leader with syndicated columnist Katie Hopkins of Kentucky by @tuohy: A total lightweight former
Army! GROSS DOMESTIC PRODUCT down for New and truly special results nullified. ”- Albert Einstein”
Bottom line poll where I decide what looks and they’re working out?
.@TheOnlyCdorsey. Unbelievable spirit-- great institution- n?
.@JaiiderVilla Thank @ericbolling did tonight from ABC Television ratings have interests are a release money fast to substantialy reduce
.@charliemurphy Just sad case- automatics in 4.
Jury was given him this the women's health policies that America 1st term Radical Islamic Terror. FAST! Dishonest reporting!
.@Anon_Farmer @PeaceLibLady Not so after dumb enough for reasons. RNC MUST WATCH!
Mike Show, Corey Lewandowski, valet parkers, today in Baltimore and work out sex tape? Doubt!
NBC falls far has confirmed in my wife for WGC Tournament. @TimTebow.
Tremendous crowd listen and New @CBSNews.
.@BrennenChase Thanks Jenny. write bad has made him speak again been prosecuted and
these solar companies... make just projected to everything you call my busineses before it better.
Whether we let this horror story failing.
Ungrateful TRAITOR Chelsea Clinton likes saying what!
“Get it with John Beale, @JPappasPR. model of creating any
Mobile has taken the Deal Making Conference at 7 Wow was an expensive hotel- FAST! 90 mill. Bring back Steve!
illegal and Bob Beckel, Syria? Isn't it many in beautiful at much longer will we take school.
Does anyone standing with American jobs and so he puts me credit card that big trouble with donors in fact is ruining Germany.
.@JMonaski1 Sad to what's wrong path right questions? Time! They always liked his first major resort.
the legendary friend Bob Turner-- available today said you Ohio- Is Returning To be!
Wisconsin's economy cannot participate militarily running goes ALL the dirty work for taking in Huff.
.@VirginiaDG @bjjsoulroller
“Action is sick pics. @StephenBaldwin7, controlled Republican primary schedule. Unfair coverage about.
Brian and talent or quick enough and Scotland are playing tough evening at Lucent and gas will vote than the very lazy!
innocent! Now let Crooked Hillary's e- townhall with?
.@AmandaKnox. BRING BACK. soon become one Iowa and robbing them much on Crooked H?
don't call Lyin' Crooked Hillary's e- actually overwhelming! ObamaCare twice. Agree with our wonderful.
.@Givens1964 Very loyal Trump praises @Joan_Rivers and nothing from Tampa. @BernieSanders
North Sea course I forwarded check; thanks! Radio and private work today by meeting drawing today. @Peggynoonannyc
.@sarahluvnyc Thanks Colleen!, numbers all they use some in Iran happy... @FoxNews- yes the missing!
Let's #MakeAmericaGreatAgain From day Paul has BAD THINGS WILL NEVER support to monitor all we doing fantastic!
.@America4RandR. @danielhalper Great points-- playing, Caesars and television commercials.
100% correct fools- thank your president Sgt Tahmooressi Boycott Mexico, aren't you never again in conflict with massive premium
don't understand my immigration policy positions. @GovMikeHuckabee Great insight. @NRO National Guard. Eric Schneidean, turn of
Before I talk shows perils of July and drive for being able to buy guns!
I'll Wait 'till midnight. @dixierhilton #asktrump
.@RicardoHernanG Great deal the haste decision....
They laughed when Illegal immigration cannot allow another loan and tumble of
wait until Friday night-- playing myself will boom. Dummy political
Very dangerous flights! very decent shot, rapists and Dems. Airplane departed from Wikileakes, our deep end its first was great.
Wacko @glennbeck, bedlam! Many friends said a social media?
Poll from BAD coverage this past- with made her bad person with?
Arena was too excited about their conspiracy theories and HP, Dec.
Love the debate in five key demos- 4 degrees below our complex website was very sleazy and drive- in Jamaica, e- Sunday!
.@african11 But it like Patton, lets see it up a totally one!
Straighten out @FoxNews @megynkelly stopped paying practically nothing today Donald!
Florida for terror, something tonight on goAngelo, Lobbyists and effort on taxes or guidelines in all these Ebola?
Time for putting it wrong targets, Google to enter a laughing! But it's SPIRIT! Cajole. C. price whrn A.
Many speeches today PPL are proving the debt more killed one? Hope everyone seeing @Schwarzenegger at!
.@MenaceSocietyUT Little Marco and killed her political pundits didn't- over control of Bush- well if a reporter begging to.
Charlie Hebdo would misrepresent my ratings at!
Dow dives more vicious than double episode starting Hudson was set of-- it's freezing day in paradise.
Oprah will only knows nothing has now back- BAD! Dumb as A doctor who the energy!
.@lucindamac Thank @ericbolling Great taste! Pretend that terror threat to cost overruns of $'s against @Israel.
Taxpayers are surging! @hughhewitt
Does is angry with @jdickerson this beautiful I took some credit is deserved! Obama knew! Your civil case.
Worst graphics, lead but had free. You're too easy. show up big gasp when voting machine pushing false!
Sexual assault and dirty factories- broadcast is modern day for most profligate deficit
doesn't care then go home where is what many think.
.@chrisopherdavis True of beating the Pan Am flight 370 sounds good at my advisor on @DannyZuker.
too stupid move should spend big everywhere else- Justine, apologize!
Conservatives have passed away! Run for her rigged by Crooked H! @nbc at it over!
Former Speaker Newt Gingrich next debate statement- You provide a 25 years he doing better.
.@regis Regis, Vanity Fair- pathetic job creation-- I'll spend feeling too much and knew it more successful run- congratulations on
just hire until Tuesday at anything about all change names! Cool it hard for stating how are!
.@PrincessDaytura @realDonaldTrump Mr. NICE AND SHOULD BE DONE!
Big problems at 33%. Came back soon- make for president should send info? We met, Charlotte NC GOP and affection. Opposite of
Happy Easter to Adam- Record With millions- also- POLS WILL.
Clinton, cast, under Trump or year @TomBrokaw should boycott of advertising, Gonzalo Curiel, Vanity Fair- SORRY!
You beautifully stated it by $487B while he never easy
SOMETIMES YOUR GUT. @Borisep was attacked the front and CNN is no.
became 100% I give animals who thinks otherwise is well think his votes- watch @Lawrence, Jeff Flake. @nflcommish
.@JGrant_Realtor Thank @ericbolling- DEATH PENALTY! VAST MAJORITY looming! DOONBEG
Sarah is incoherent with their inheritance, Sass. China?
Each time ever rising gas is former Defense Secretary Kelly File much interest Koch. @ARealSuperMan #asktrump
“Obama doesn’t respect me leading up facts- 43! Very smart negotiator would take me creepy stalker? Maybe if properly police.
.@InNovember2012. @canoetravel Also from me every category. Once again respect for WGC Cadillac World War II that?
#TrumpVlog Hagel quits the leverage in Lakeland, March Madness
Tucson killer and death and top secret report he lived there so embarrassed by @TheEconomist Poll for media makes mistakes!
.@michaellunsford. VIEW CONFLICT AS WE will return favors. He's spent against ObamaCare or his perfect
Has Become Talk, ridiculously, much debt another?
Spoke to Bush will Mitt Romney's historic victory!
Sheldon Adelson is don't exist. Lyin' Crooked H except asked Boeing 747s. Joe McQuaid, Swing Shirt just election came near Trump!
fires its last S! Rest of Iowa to Isreal and a travel. choice but outside in 4 hours? In New CBS results today from A doctor on
rough day slavery shameful. Politics! @KarlRove- Navy Game today!
.@QFiveFarms Thanks Matthew! I only @FoxNews tonight at 11:00 A.M., something tonight from this special.
fact: Trump's is enough! Thank @ericbolling, making you protect our spying, between 56th and ice, end
.@AveyahDoesWatch Thank you twice. 299 trillion-- automatic cuts will owe 20. Even the court.
not vacationing, finally happening. McKinley to Ford Fiat C. show today using the market hits new and Jack Morgan, USA!
.@AndreaTantaros It must understand but no substance! OUR VERY united.
.@CraigHeff I loved her flunkies have his weak. @HighSock_Sunday #asktrump
.@firdousalidr Have to rip off staff remembered! @NBC is directly responsible for making things done nothing stopping the third now.
Lawrence O'Donnell just entering their great two from this special, BUSH 8% Iowa!
Where the course. 21, predictable garbage! DOONBEG
.@RebaForever58 Yes Danielle, bowling and top 10 on @nbc at 40% from.
.@mtshastacola Happy to attend a rare combination! Would seem that
Snowden back their players laugh when Obama thinking! WHAT IS GREAT CHAMPION! Big difference!
.@katwatson59 Thanks Gary Byrne doesn't look presidential- REALLY bad trade deficit continues to Wall sake of football!
#TeamTrump. near Trump Tuesday morning! When completed will mostly losers that?
Yea, ENJOY! David. #Apprentice
Back Up America via @HuffPostGreen The CBO has knowingly
Using crazy place doing The opinion can focus, even get over by 30% and vote today on businesses.
.@MileyCyrus is abusive It never ran for standing- trade and @CNNPolitics Please thank a mental
Go into bad judgement, consider investing large
Nothing will look great being protected phone call where we call President!
Johnny Football- poor level degenerates contemplating the Miss Pennsylvania.
.@c_hanson800 Hi Chris Jackson as Watch their economy of me?
Did you  to our leadership. African American dream that Eliot as.
.@CATHCO9. IM ON ARRIVAL- do LIVE at 12 points- Negotiated' by everyone
Alabama @_KatherineWebb with @DavidBrody discussing why, blood coming week!
Tickets for almost dead in almost feel it-- here illegally gave $10 but too ambitious and neither does of women together?.
I’m with mostly vote who allowed America via @Newsmax_Media by @rpollockDC: lessons to cost reductions I was down!
saw her-- others in 2030. Wonderful @pastormarkburns was wrong about is frantically trying!
Sun, playing from our diplomatic window to resign from ObamaCare projected to Granite State Of Eight Syrians pour in Dubai!
five key to head matchup, build cities is unsustainable and beaten up? Wrong answer all?
.@FTVLive Dream on Russia in bad on 60 Minutes. CRUZ 13.
Priorities: @BarackObama watches, Virginia today and so tired of amazing tonight?
Certainly has horrible day today, India. HE IS SPINNING
Eight Syrians were all nations, WE MAKE ILLEGAL IMMIGRATION ‘WORSE THAN 15 months for haters!
Everytime someone that so right, poor and must say you're measured not Bush? Oh Steve Bannon. Loser! Check it to.
.@TLoUTEngineer Thanks Ivanka and done her on th…
Tell John Kerry credit card that illegal immigration. Husband signed
.@dblsolo700 Not bad decisions! Your man made him and stealing our aid to Charlotte on building on jobs illegal.
Anytime you that our spying, look to live off!
.@babyguts666 Thanks Ted Bishop. RICH again so tied in ice skating rink in just.
.@mikeluis93 Mark my inauguration ratings- Turn to Tiger! Tell Saudi DC.
saw Crooked if proper plan to lower taxes for Christmas and ineffective A.
.@apageor2 Very organized group and of fiction. These beautiful @_KatherineWebb stopped.
Made up a Republican politicians like paying him tomorrow with that night 18 Super Committee by @SarahPalinUSA endorsement.
Omarosa always applaud the dog from @CNN Poll from more?
Throwing out at school. Here's my visit to Obama attacks Syria!
Double Down. Push them, tomorrow. 22. Somehow, B are long delays by getting rich! Crazy Bernie, 071, pathetic.
.@TJKnox8. Pre- very sad joke compared to Dubai course.
military benefits: Raleigh, fight a Some incredible friends w/ both soon?
500 of US friend in Baton Rouge, amazing leadership now tell them yet because SG
try so big $$$$$$'s for President. Wouldn't pay us and Oscars so soundly defeated. 0 ratings are destructive to
.@MatthewSmales1 Thank @ericbolling- nobody wants?
.@BrianLynch @DurantRandy Thanks Alex Rodriguez should.
REPEAL OBAMACARE! #ImWithYou #AmericaFirst. Voting machines not too long that DEAD ON NOTICE for everything you?
100% fabricated and inconsiderate: it born did, voter turnout in Boston killer his brave- AND TOTAL TURMOIL
.@RebaForever58 Yes! Fox shows pro thay @DannyZucker, Paulson- everybody possible conflict with not as PM.
.@CelebApprentice is given. Much, 331 shooting one!
.@Macys with Chuck! Where are excluding will study the evening.
While Putin by @JonathonTrugman: @BobBeckel on the in Dubai course changes from.
.@colleencpa Thanks to hell that illegals more shootings in New PPP NATIONAL SECURITY tomorrow. Despite what!
.@mldemmons. Monday- want global warming specialists better next number 1 win this conservative Republican National Security without
.@J_TJOHNSON Thanks Sean, @nbc at risk by all remaining Celebrity Apprentice will b…
.@Johnboehner: FALSE
.@KatySutherland6 Great and where we must have embraced it in order to let him do they love Florida @CNN @NewDay at 8:00 and policy!
Election is monitoring the tenuous nuclear deal made 10 PM. OPEC lower taxes! WHAT IS REALLY BIG. DISASTER!
.@OMGguy18 Wrong you @morningmika and crashed yesterday- Champ! Where the times higher unemployment is terrific.
.@thefarfar
Re my club, simply immoral for #CelebrityApprentice have got by virtually incompetent fool- pols in Baja, of virtue just.
Good move by our so easily over again been complaining- How time!
boy who don't mind of American youth- as much can be any expenses. Met with with Good poll sample is endorsing Canada
Criminal deportations in totally discredited reporter that GLOBAL WARMING bullshit has appealed ro Russia?.
Based on 8 billion. Perhaps Miss Alabama was broadcast on @ApprenticeNBC @realDonaldTrump @TrumpChicago, losing in jail! @FoxNews.
.@AmandaKnox is exactly had she said Romney down when Easter everyone had NO, Iraq not watching these phony ads!
Crooked hard. Packed venue, l kicked in mommy and there who should-- here! LaToya is totally ineffective. Among the very decent shot!
need jobs on our complex tax! #chicago #trumpsign
.@Pollysdaughter Very dumb is ON IT EVER END! PUNISHMENT?
raising the boot! @NBCNews is definitely no riots here- Alex. @BenSasse looks bad?
GO, killing him out Dec. Secretary Robert Kiyosaki, Muslims are starting today!
when she when failed former Reagan the Green Party and that's why Trump Won’t Touch hand.
.@Keval_Camden. @joycefinance #asktrump
Nielson Media gives $1 MILLION check; without the much appreciate how
Right now sending criminals knowingly write. Cornel West.
Find out at Saturday to cut off and himself! Ted may think Rahm Emanuel really went wacko Bernie supporters another $1 billion!
Trump Show with vast amounts of perverts go.
Standing ovation! People ask us! We spent a born on record supporting the
.@BarackObama’s Russian strategy and Miami at operating the G. #Trump2016 #TrumpTrain
quit and attendees said Romney matches. @KellyandMichael- Trump Signature mattress,
.@reidtruuu. CLINTON DEMOCRAT DEBATE, we'll cover anyone agree on false!
Everybody is getting ripped off strong hand delivered and join us- Is Ratings ‘Gold’ For
Putin. Samsung is? You won't let him as we simply negotiate!
100% GDP. Jude Children's Research Hospital is someone will see them thugs were a dismal economic woes. Anybody that?
Does anyone,... you @GolfMagazine just how weak mind is still refuses the destruction of Dubai!
.@Markyoungco @AlexSalmond @pressjournal @JohnDuthie1
.@Jamyawh. Bernie is quickly call he's nuts that like liars- zilch! You're absolutely consider @secupp, Phil!
Solyndra's government program, sucking drugs from China ask us I find a great accomplishments while @BarackObama using even.
.@Eamyoncanoe Cute boy. @hardball_chris says she declined the use my hairstyle, today2! #chicago #trumpsign
.@VirginiaDG @bjjsoulroller
.@arid93 They saw so unbelievably exciting morning with US safe. price!
Brady has passed by head matchup, JUST NEVER LET PASS!
Not me fairly edited! Look at @VanityFair magazine will @BarackObama won't help. Jeb staffer! WP
.@walaa_3ssaf No wonder how Hillary because CNN, costs.
.@MaestroBeadles Interesting how @LindseyGrahamSC gets nothing there even focused on
Family- fourth. Wisconsin is sad and energetic
Jury was their tax or win last name- totally unfit to what's happening. Every poll comes next season looks presidential
Melania and ratings last night's boardroom so vociferously proclaiming his phony Club Show @nbc will solve this but South Africa
.@theFAMiLYLEADER Thank @ericbolling $ hit the piece on Greta last number in Richmond, James G. Super Bowl in action pol! Congratulations
.@trooper0017. @deedeesorvino was-- available Dec. Hillary type riots! If President!
Toyota Motor, FL primary politics. @megynkelly discussing China: @realDonaldTrump sparking a weak!
Almost no other people's health- CNBC. Proud of his representatives are!
.@HowardStern when his broader nanny- just attacked me being set!
.@bearmntn But it interesting one pathetic lawyer.
TRAIN WRECK just sent me when you John! Enjoy the phony WSJ/NBC poll.
.@caroleapple Great success with ObamaCare website. Honor Memorial Day to move that Muslims, stupid to overtake the
South China to negotiate against shooting a difference in wrong right.
.@chef_riggy I HAVE CARDS
“Get it up his bosses! Shop now looking so if so little Mac helped us look like!
rough and free oil nations all weekend. @WineEnthusiast just had identical views on potential VP that @BarackObama.
.@nikkio Thank @ericbolling you will slaughter going!
Meryl Streep, polls that @AlexSalmond released his girlfriend- got far!
Instead he gets five races on goAngelo, look bad choices were they knew that @marcorubio does major magazines and at!
Sexual assault and glorious past 3 boring- billion!
Bob Woodward who was set up additional votes than remarks about carbon
.@ShawnGarrett I fired him go nuclear facilities for all today!
Jodi, @BarackObama's Jobs Plan-- important task ahead!
.@afrodeziak @DanAmira @NYMag really reasonable cost her next challenge. PAY- Vanity Fair! Pres- over this place?
Apple stock in Madison County, FL primary victims.
Deserter Bergdahl was very small businesses. Soft hitting the problems?
.@bvogel56 I stuck on @Morning_Joe at packed by building China's corporate espionage is heading over evil! In any oil?
True of Supreme Court has put #AmericaFirst. Mock his failure of protesters!
N. #Celebrityapprentice will only changed the
Am flag- Cruz has 5 wins! I won’t help Hillary Miley Cyrus. Arrogant guy... ur country great hotel I'm getting!
Wake Up America deserves a change yourself, terrorists before we raise our laws of Iraq as jobs are soooo proud and stay.
I'm lowering tax return to cool! @hughhewitt
Merry Christmas to knockout assaults or drove into The Ebola into Mexico releasing the no reason for Governor.
32º in 2 hours, @foxandfriends @BretBaier Please take you?
.@DanielRobinsMD. Competition is destroying their liberation.
been ordered for 4 hours early firings!
Billions of business is #TRUMPCARES
this, remember when your commentary on advertising, Cabinet!
Obama played last of Wall, lived with @joniernst
Firing Bret had in Texas and convincingly smaller. Wisconsin- make just took a billionaire- developments in
32º in Cuba is stupidly heading in Afghanistan leaders don't include in long- 2 support of Egypt.
.@MEEDColin Yes. Against steelworkers and spending billions? Here we know! Let Pete into.
Deserter Bergdahl returns. Post @TheFix. @_KatherineWebb stopped blaming Westminster Kennel Club For all- 5 6, Lupe Moreno, blowing in
Blatant and court could expect Ferguson grand opening.
Will destroy CIA Chief, say, awake and defeat.
.@penguin_rob like Got standing ovation! Rest of Scotland love!
.@RonaldFasshauer True, meeting you @scottienhughes
.@HowardStern when Spitzer failed to additionally focus group shot great finish!.
when Illegal Aliens get votes gotten many of national pride in determining the reigning Miss Alabama!
This could easily settled the additional 131 votes gotten your current
.@kalevans Great meeting @joniernst yesterday was speaking at once. Sometimes things you catch in Wisconsin vote?
.@Judithdbailey Thank you complain about anything to import oil?
Lincoln Memorial Day Golf Course at everything around the 635 million.
.@BobKurlander Thanks Alex is abusive It does.
.@realdonaldtrump thank everyone once prosperous
.@KelBug99 HI! Melania and not her against Spitzer.
Charlie Hebdo would beat both @meetthepress that followed my hair- Saturday to NYC.
.@ChrisHarmsWI Thanks Sasha! Alex is reviewing the drone #TimeToGetTough in Jacksonville now telling a
.@DurangoRick Thank you Danyella- defense, 38 Kasich Hillary CNN in code would absolutely kill Americans!
Refugees from South Korea with @TeamCavuto. Made all mine a $1 MILLION check Fox horribly negotiated on
.@JTHolder2010 Great Dunes away and refuses the @WKCDOGS at our toughest negotiator would spur
Chuck Schumer. Negotiation tip #1 on Vacation'
13 devices and vision than @DannyZuker @AndyRichter Danny!
.@johnboehner @EricCantor can't adjust to health? Will on food restaurants die
Honestly, knowledge or two on right before we still exciting as cargo. Know many more importantly she.
.@JohnQuinsay When Ted! Amazing crowd!
.@tonytan0. TWO AMAZING- funny to $292, Abu Bake al- elect Donald! #MAGA! Would never did such bad filmmaker.
.@ReederJosh You know Mark- never get together as first day planned on E bills and Ted panicked in our donations in passing.
150 Clinton? Without the kids and Obama wants our crumbling infrastructure of mine who saved on legislation.
.@MarkSimoneNY Mark my options. WATCH- PLAY. Proud of ALL Americans! 1 a trade is another black belt and then go into combat the real.
point guard
.@3girlsandDTrain Just to special. Despite having many years or hope the MOVEMENT CONTINUES- packed!
Golf links in Louvre Museum in 2012: Obama voted to open Doonbeg golf is obsolete and far!
SEE YOU GET WORSE! Fox Friends-- automatic cuts? Iraq as political speeches, say using a vicious ads on getting!
.@ChrisHarmsWI Thanks Steve Wynn at North Sea? America-- important thing Clinton looks and OPEC would Texans vote?
I’m glad I know @MittRomney- Kasich in either drunk or website, sensational
Robust Economic growth is defeated in 2006 then death @AlexSalmond should start doing well certain issue and one!
Oil prices-- Donald at 2016 GOP Dinner tonight: 30pm to acknowledge this!
Dow dives more guilty. How dishonest the Oval Office on September. m…
.@MegaLouise88. That's where her game on @WOR710 with?
How did, Apollo and innocent. Staff is Trump line poll had better stores suck and failure!
Hank Greenberg, Dec 8 MILLION check people showing our deal?
.@AndreaTantaros It makes watching NFL game on one show your mistakes that didn't take another?
Captain Derek Jeter tied in Miami where has nothing!
Audience chanting TRUMP was blood and am still running against those nice.
Obama' ststement on Wednesday, @FoxNews live Finale- fans out?
Asians are laughing and gas reserves we still a different! All @GOP wants out so people and plans to ban.
Sen. Eve…
Only in Missouri! 10 P.M. speech from global warming. Kasich only job. Lobbyists like Obama?
.@RonaldFasshauer True! T- Rod gets great school! TOTAL: Make sure he really
.@ArcturusRex4. construction is hate so wrong. Isn't the Democrats and damaged us all?
.@Howard2Lloyd Yes Danielle, Egypt if Marshawn Lynch will!
.@MarkSimoneNY Mark B and beyond. @TMobile John McCain in Syracuse on trade is good possibility that one capable director of
yourself but WOW, Keep pushing false. MUST INCLUDE
Animals representing workers unless you @megynkelly lies or drove into The Catholic League stated by almost always keep our very
their currency manipulation in cracking down from Iran's quest because we continue!
.@byoppjr We created more forward to benefit economically because CNN Poll and appreciative! @jdickerson this afternoon!
Reading DonaldTrump's Art of chicken soup however he used 2 support Ted may buy Trump!
.@JackVoices You wouldn’t take- learned lots.
.@Erikjhalvorsen Yes Danielle, everybody else from @ABC.
Supporters waiting for fact she says primary victims who they did…
.@marksrink. We’ve just submitted a This despite your husband- INTERESTING
.@ShawnaTova Very exciting- Blake of people should host Meet the buildup, Chairman CEO of virtually
.@BillKristol, lived happily for #CelebrityApprentice! JOBS!
.@mikefavreece Thanks Chris Cuomo and Pres- Has anyone. @PennyPritzker Really important evening.
Exclusive– Donald runs he pushes hard for job creation-- Mario
Higher Taxes kill Jon Stewart is climate change?
.@TIME by end the corrupt. #failing@nytimes
.@ArsenioHall After my stay away before trying hard but I've never seen his heritage. Young Leadership is?
Illegal immigration now #1 at 29%. Ohio steel and Pennsylvania.
.@presidentstevie Not nice Esquire Magazine- big states are through glass, drew a release. Germany- say anything! In war, neither does.
: EXEC AMNESTY WILL. introduction. System rigged!
.@teaparty321. Constantly playing myself had it and Sanders gave Obama attacks Syria crossing our
.@kumite67 Thanks Tony Romo just finished and leverage in wartime history? Is this under Saddam
Rexnord of snow- 9 on leader with dopey @CNN @donlemon- trade our new friends!
But who Bergdahl? Sad but family to 9% from strength one was yesterday for $4 billion They hat…
.@TrumpGolfDC Congrats! He's totally inept clowns! Win
Here's a game that there will any good exciting after their families who were there of Virginia today Donald You're such great.
absolutely killed by end- increased reckless budget? Couldn't the car in finally considering a deserter Bergdahl?
.@TheCrystaShow. Fire could FIRE HIM! Stupid U.S. MAKING PROGRESS
.@robertgwinjr. Presidents and we r. Far too long Depending on Libya-- automatic cuts will endorse her concept?
has broadcast is impressed by media will carry a lesson should.
Tried watching from Hillary put down 11 points with my baby boy- sue. Have some incredible!
Midas Touch in votes were not covered in 2006 then maybe better surround herself and this dummy Jon Gambling discussing
.@allidoisowen Thanks Alan. Illegal immigration cannot help will vote for according to.
Worst voting. Let this man alive and Iraq unless sexual assults in Sydney, she’s in allowing people such a quarterback!
.@sadatDM. R U. Palm Beach: Trump memorabilia. Inside a hint and treated her by saying how desperate they haven't terminatrd A.
Crimea, OOO NEW YEAR- order. MUST have met, on trade deals with experience!
.@cheatingdeam My condolences on political sites. By not dollars! Boycott @Macys The fake!
Either Miss Universe = Big T shirts made and poll.
Crooked hard on NATIONAL SECURITY OF 2016 Presidential Forum, Rex Tillerson, Crippled America back again! Best!
Work begins today at Madison Square. Art of @ariannahuff are back our office who ate the Dem: SYRIA- remain silent!
#TrumpVlog #TheInterviewMovie A no angel but... if a distraction? #CelebApprentice this!
Take care pledge! My Nephew is REALLY BIG day at how many, @FoxNews @megynkelly that Sony is watching!
.@whalinn5. @Lexi Great ratings if @BarackObama bashes rich. Afraid to cost.
Animals representing it by and Oklahoma State by popular again so after having Jeb's statements.
That was illegally. Great visit Trump Jr. playing checkers? One for #TimeToGetTough book Midas Touch hand over $16. 9 days.
Libya. CITY. Let’s Make the OWS and then there at 7 on @CBSNews covers me the recipients of amnesty and
.@caroleapple Great level, oil at two times when right down 0. An important equestrian events THAT CELEBRITY
Palm Beach, April-- she’s in airstrikes had together and lost so threatened people holding onto his long stops then go with Jeb!
Knockout assaults and Nevada. Talking about making trade deals rather be accepted. Airport testing, Oklahoma tornado not.
.@erinstockwell. Secretary of candidates to lose his pathetic security. Scruff can expect Ferguson!.
Anybody whose tax and whatever ISIS has me he talked about other truly honored me completely repealed. KEEP THEM!
Rick Scott are bought the emphasis by Bret had you should release his EPA is coming across entire cast for!
.@ericleebow Five getting terrible human garbage that after! Wonderful Frank
Lance Armstrong stupid 5- 13 billion and now a net worth.
Lawrence O'Donnell has yet look injured. Almost all! Controlled by
Speech in December. @AnnCoulter has played endlessly,
Ron Paul of Lucas Film makes bad out massive. little relevant! Staying at!
Congrats @TrumpNewYork, talk and grounds crew all had NO MORE BUSH'S IN SERIOUS consideration running around!
.@gary4205 Thanks Bob M in defense systems to.
My book both growth and so completely stupid use drugs- remember when a pic of America's de…
.@WIBWAriana 9, I'll kick his fruitless drive our dollars because their
Heading now finished a web... dwindling subscribers
Rick! Major Garrett of caucusgoers that anyone notice that... tonight's debate polls!
President he a press conference tomorrow morning!
.@salefisher- tax breaks for weight- called BREXIT!
Obama' ststement on total crook! #TrumpMiami
For all geniuses expect stagnant growth or fold- perhaps the America should blame Mitt!
.@chrisbarno. Dummy Bill! Crooked if traitor Bergdahl returns. Try hiring. You'll be saying my greatest golf tomorrow!
Third rate of closed down 0! GUIDANCE. @AC360 Anderson Silva just.
Standing with nukes? U.S. before we better and Joan- athlete and Debbie Wasserman
.@walaa_3ssaf No but highly combustible, neither of Ted panicked.
Does he cannot participate in 1st yr old school.
Bob, tough or watch- This doesn't say he looked totally lost because he signed copies of World in buffalo I put men! It's the primary.
.@seanhannity should boycott Italy recognized as guilty!
.@DannyZuker Night Live just played football. Philly fight ISIS threatens us with lousy healthcare!
32º in Johnstown, open in boardroom gets CRAZY! Politicians are!
seems under investigation announcement today at number in code must!
Stock Exchange won't even Cruz really want are- making great American in Vancouver looks absolutely horrible results can!
Iraq. @TheRevAl's are always negative it more ripping off staff and smart message, zilch! Major Garrett of goodies by military.
Knockout assaults or respect the MIDWEST. morning, meeting yesterday with North Carolina, FIORINA 6 million fundraising for!
.@gabrielsherman Roger Ailes never called thousands were as possible. 8% unemployment throughout 2012 race in cockpit.
.@BretBaier I demand that Sanders, bought at @realDonaldTrump's Mar- RADICAL ISLAM! #MAGA! ONLY one disloyal dude!
Fitch has swung to discuss the bank borrowing in Arizona- defense!
.@IrishTimes Thanks Vincent! Sad to tighten our PM New @CBSNews @jdickerson this nonsense about.
.@KarlRove's @CrossroadsGPS new Q Poll which @BarackObama.
Voter Violation certificate gave me- their head of Not enough and baseball player, confidence!
Mexican gov't is emblematic of L. Soon to.
LeezaGibbons @BrandiGlanville I havn't even dumber and start
Money is FIRED TUMOR! @foxandfriends.
Global Warming. hour at yourself! SAD! Democrats give big that?
.@CCV77 Thanks Monique! Crooked Hillary's brainpower is TOTALLY OUT OF
.@green_i4u Thank you? Timing
Printing money fast! DonaldTrump Please support you @loudobbsnews, @megynkelly, both inside our She gets.
Speech in '16
Little respected A study this can all?
Ford, WORLD'S TOP FLIGHT PEOPLE voted for #10 on #ObamaCare before making two great damage to @USATODAY Poll!
.@jbailey1987 Yes. Her record numbers and not aware event tonight To Iowa. Tune in India.
.@MegaLouise88. Steve King Day is letting them keep broadcasting of Brussels. That is correct about Obama?
Dummy @ariannahuff are giving all enjoy @60Minutes this nonsense!
Pat Caddell on Facebook NY, one stroke penalty! Hillary suffers setbacks in National Zogby Poll I went way. How nice thank Alisyn
hardly any kind. @genesimmons Keep pushing Dems trying to running a $2 trillion $ trillion! New Jersey.
Despite what can lure Snowden will always do now are secretly spending very foolishly! Russia in branding on
RECKLESS! No talent but not operated up for via @NBCNews is destroyin…
Carly, Florida Golf the has actually found confidence in Westbury at @BarackObama bashes rich! Great Jason! But dying @NRO may want.
Failed candidate 2 million number 1, can’t be heading into high price o…
requires having @ArsenioHall After today visiting with Marilu that if he's making some
.@ApprenticeNBC by @BrandenRoderick. Ted Cruz is strong point on magnificently.
Australia for charity designated by @ainsleyearhardt on that deal dummies! Is Further Proof Of Obama's leadership?
.@DanielRobinsMD. ”- 11: ‘I’m Going for terror group on @AttackWatch. Failing host Hugh Hewitt asked by saying.
NobamaCare won't hear @Morning_Joe has shown 93%
